
Allocating common symbols
Common symbol       size              file

USBKeys_SentCLI     0x1               CMakeFiles/kiibohd.elf.dir/Output/pjrcUSB/output_com.c.o
CLIHexDebugMode     0x1               CMakeFiles/kiibohd.elf.dir/main.c.o
CLIHistoryCurrent   0x1               CMakeFiles/kiibohd.elf.dir/main.c.o
usb_rx_byte_count_data
                    0x14              CMakeFiles/kiibohd.elf.dir/Output/pjrcUSB/arm/usb_dev.c.o
USBInit_TimeEnd     0x4               CMakeFiles/kiibohd.elf.dir/Output/pjrcUSB/output_com.c.o
CLILEDState         0x1               CMakeFiles/kiibohd.elf.dir/main.c.o
CLIDictionariesUsed
                    0x1               CMakeFiles/kiibohd.elf.dir/main.c.o
Macro_rotationLayer
                    0x2               CMakeFiles/kiibohd.elf.dir/Macro/PartialMap/macro.c.o
CLIHistoryBuffer    0x3e8             CMakeFiles/kiibohd.elf.dir/main.c.o
USBKeys_SysCtrl     0x1               CMakeFiles/kiibohd.elf.dir/Output/pjrcUSB/output_com.c.o
Matrix_scanArray    0x1f8             CMakeFiles/kiibohd.elf.dir/Scan/MatrixARM/matrix_scan.c.o
CLILineBuffer       0x65              CMakeFiles/kiibohd.elf.dir/main.c.o
I2C_RxBufferPtr     0x12c             CMakeFiles/kiibohd.elf.dir/Scan/ISSILed/led_scan.c.o
macroTriggerListBuffer
                    0xd2              CMakeFiles/kiibohd.elf.dir/Macro/PartialMap/macro.c.o
macroResultMacroPendingList
                    0x31c             CMakeFiles/kiibohd.elf.dir/Macro/PartialMap/result.c.o
ResultMacroRecordList
                    0x129             CMakeFiles/kiibohd.elf.dir/Macro/PartialMap/macro.c.o
CLIHistoryHead      0x1               CMakeFiles/kiibohd.elf.dir/main.c.o
USBInit_Ticks       0x2               CMakeFiles/kiibohd.elf.dir/Output/pjrcUSB/output_com.c.o
LayerState          0x2               CMakeFiles/kiibohd.elf.dir/Macro/PartialMap/macro.c.o
USBKeys_Keys        0x1b              CMakeFiles/kiibohd.elf.dir/Output/pjrcUSB/output_com.c.o
USBKeys_Sent        0x1               CMakeFiles/kiibohd.elf.dir/Output/pjrcUSB/output_com.c.o
LED_pageBuffer      0x92              CMakeFiles/kiibohd.elf.dir/Scan/ISSILed/led_scan.c.o
macroTriggerListLayerCache
                    0x46              CMakeFiles/kiibohd.elf.dir/Macro/PartialMap/macro.c.o
I2C_TxBufferPtr     0x12c             CMakeFiles/kiibohd.elf.dir/Scan/ISSILed/led_scan.c.o
CLIDict             0x28              CMakeFiles/kiibohd.elf.dir/main.c.o
CLIHistoryTail      0x1               CMakeFiles/kiibohd.elf.dir/main.c.o
USBKeys_KeysCLI     0x1b              CMakeFiles/kiibohd.elf.dir/Output/pjrcUSB/output_com.c.o
CLIDictNames        0x28              CMakeFiles/kiibohd.elf.dir/main.c.o
USBInit_TimeStart   0x4               CMakeFiles/kiibohd.elf.dir/Output/pjrcUSB/output_com.c.o
CLILineBufferCurrent
                    0x1               CMakeFiles/kiibohd.elf.dir/main.c.o
USBKeys_ConsCtrl    0x2               CMakeFiles/kiibohd.elf.dir/Output/pjrcUSB/output_com.c.o
TriggerMacroRecordList
                    0xda              CMakeFiles/kiibohd.elf.dir/Macro/PartialMap/macro.c.o

Discarded input sections

 .group         0x0000000000000000        0x8 CMakeFiles/kiibohd.elf.dir/main.c.o
 .group         0x0000000000000000        0x8 CMakeFiles/kiibohd.elf.dir/main.c.o
 .group         0x0000000000000000        0x8 CMakeFiles/kiibohd.elf.dir/main.c.o
 .group         0x0000000000000000        0x8 CMakeFiles/kiibohd.elf.dir/main.c.o
 .group         0x0000000000000000        0x8 CMakeFiles/kiibohd.elf.dir/main.c.o
 .group         0x0000000000000000        0x8 CMakeFiles/kiibohd.elf.dir/main.c.o
 .group         0x0000000000000000        0x8 CMakeFiles/kiibohd.elf.dir/main.c.o
 .group         0x0000000000000000        0x8 CMakeFiles/kiibohd.elf.dir/main.c.o
 .group         0x0000000000000000        0x8 CMakeFiles/kiibohd.elf.dir/main.c.o
 .group         0x0000000000000000        0x8 CMakeFiles/kiibohd.elf.dir/main.c.o
 .group         0x0000000000000000        0x8 CMakeFiles/kiibohd.elf.dir/main.c.o
 .group         0x0000000000000000        0x8 CMakeFiles/kiibohd.elf.dir/main.c.o
 .group         0x0000000000000000        0x8 CMakeFiles/kiibohd.elf.dir/main.c.o
 .text          0x0000000000000000        0x0 CMakeFiles/kiibohd.elf.dir/main.c.o
 .data          0x0000000000000000        0x0 CMakeFiles/kiibohd.elf.dir/main.c.o
 .bss           0x0000000000000000        0x0 CMakeFiles/kiibohd.elf.dir/main.c.o
 .group         0x0000000000000000        0x8 CMakeFiles/kiibohd.elf.dir/Lib/mk20dx.c.o
 .group         0x0000000000000000        0x8 CMakeFiles/kiibohd.elf.dir/Lib/mk20dx.c.o
 .group         0x0000000000000000        0x8 CMakeFiles/kiibohd.elf.dir/Lib/mk20dx.c.o
 .group         0x0000000000000000        0x8 CMakeFiles/kiibohd.elf.dir/Lib/mk20dx.c.o
 .group         0x0000000000000000        0x8 CMakeFiles/kiibohd.elf.dir/Lib/mk20dx.c.o
 .group         0x0000000000000000        0x8 CMakeFiles/kiibohd.elf.dir/Lib/mk20dx.c.o
[...]
Memory Configuration

Name             Origin             Length             Attributes
FLASH            0x0000000000002000 0x000000000003e000 xr
RAM              0x000000001fff8000 0x0000000000010000 xrw
*default*        0x0000000000000000 0xffffffffffffffff

Linker script and memory map

LOAD CMakeFiles/kiibohd.elf.dir/main.c.o
LOAD CMakeFiles/kiibohd.elf.dir/Lib/mk20dx.c.o
LOAD CMakeFiles/kiibohd.elf.dir/Lib/delay.c.o
LOAD CMakeFiles/kiibohd.elf.dir/Scan/ISSILed/led_scan.c.o
LOAD CMakeFiles/kiibohd.elf.dir/Scan/MatrixARM/matrix_scan.c.o
LOAD CMakeFiles/kiibohd.elf.dir/Scan/WhiteFox/scan_loop.c.o
LOAD CMakeFiles/kiibohd.elf.dir/Macro/PartialMap/macro.c.o
LOAD CMakeFiles/kiibohd.elf.dir/Macro/PartialMap/result.c.o
LOAD CMakeFiles/kiibohd.elf.dir/Macro/PartialMap/trigger.c.o
LOAD CMakeFiles/kiibohd.elf.dir/Output/pjrcUSB/output_com.c.o
LOAD CMakeFiles/kiibohd.elf.dir/Output/pjrcUSB/arm/usb_desc.c.o
LOAD CMakeFiles/kiibohd.elf.dir/Output/pjrcUSB/arm/usb_dev.c.o
LOAD CMakeFiles/kiibohd.elf.dir/Output/pjrcUSB/arm/usb_joystick.c.o
LOAD CMakeFiles/kiibohd.elf.dir/Output/pjrcUSB/arm/usb_keyboard.c.o
LOAD CMakeFiles/kiibohd.elf.dir/Output/pjrcUSB/arm/usb_mem.c.o
LOAD CMakeFiles/kiibohd.elf.dir/Output/pjrcUSB/arm/usb_mouse.c.o
LOAD CMakeFiles/kiibohd.elf.dir/Output/pjrcUSB/arm/usb_rawio.c.o
LOAD CMakeFiles/kiibohd.elf.dir/Output/pjrcUSB/arm/usb_serial.c.o
LOAD CMakeFiles/kiibohd.elf.dir/Debug/cli/cli.c.o
LOAD CMakeFiles/kiibohd.elf.dir/Debug/led/led.c.o
LOAD CMakeFiles/kiibohd.elf.dir/Debug/print/print.c.o
                0x0000000000002000                _app_rom = ORIGIN (FLASH)
                0x0000000000040000                _app_rom_end = (ORIGIN (FLASH) + LENGTH (FLASH))

.text           0x0000000000002000     0x7a24
                0x0000000000000000                . = 0x0
 *(.vectors)
 .vectors       0x0000000000002000      0x1bc CMakeFiles/kiibohd.elf.dir/Lib/mk20dx.c.o
                0x0000000000002000                gVectors
 *(.startup*)
 .startup       0x00000000000021bc      0x14c CMakeFiles/kiibohd.elf.dir/Lib/mk20dx.c.o
                0x00000000000021bc                ResetHandler
                0x0000000000000400                . = 0x400
 *fill*         0x0000000000002308       0xf8 
 *(.flashconfig)
 *(.text*)
 .text.startup.main
                0x0000000000002400       0x2c CMakeFiles/kiibohd.elf.dir/main.c.o
                0x0000000000002400                main
 .text.systick_default_isr
                0x000000000000242c       0x10 CMakeFiles/kiibohd.elf.dir/Lib/mk20dx.c.o
                0x000000000000242c                systick_isr
                0x000000000000242c                systick_default_isr
 .text.fault_isr
                0x000000000000243c       0x3c CMakeFiles/kiibohd.elf.dir/Lib/mk20dx.c.o
                0x000000000000243c                fault_isr
 .text.unused_isr
                0x0000000000002478        0x6 CMakeFiles/kiibohd.elf.dir/Lib/mk20dx.c.o
                0x0000000000002478                adc0_isr
                0x0000000000002478                dma_ch6_isr
                0x0000000000002478                uart0_lon_isr
                0x0000000000002478                dma_ch8_isr
                0x0000000000002478                dma_error_isr
                0x0000000000002478                portd_isr
                0x0000000000002478                porte_isr
                0x0000000000002478                portb_isr
                0x0000000000002478                spi1_isr
                0x0000000000002478                uart3_status_isr
                0x0000000000002478                mcm_isr
                0x0000000000002478                uart1_status_isr
                0x0000000000002478                watchdog_isr
                0x0000000000002478                i2c1_isr
                0x0000000000002478                dma_ch11_isr
                0x0000000000002478                i2c2_isr
                0x0000000000002478                pit1_isr
                0x0000000000002478                dma_ch4_isr
                0x0000000000002478                software_isr
                0x0000000000002478                dma_ch7_isr
                0x0000000000002478                lptmr_isr
                0x0000000000002478                ftm2_isr
                0x0000000000002478                uart5_status_isr
                0x0000000000002478                dma_ch9_isr
                0x0000000000002478                pit2_isr
                0x0000000000002478                pit0_isr
                0x0000000000002478                can0_wakeup_isr
                0x0000000000002478                flash_cmd_isr
                0x0000000000002478                uart2_status_isr
                0x0000000000002478                svcall_isr
                0x0000000000002478                dma_ch15_isr
                0x0000000000002478                uart1_error_isr
                0x0000000000002478                unused_isr
                0x0000000000002478                spi0_isr
                0x0000000000002478                dma_ch3_isr
                0x0000000000002478                flash_error_isr
                0x0000000000002478                uart5_error_isr
                0x0000000000002478                rtc_seconds_isr
                0x0000000000002478                pdb_isr
                0x0000000000002478                dac1_isr
                0x0000000000002478                dma_ch14_isr
                0x0000000000002478                rtc_alarm_isr
                0x0000000000002478                dma_ch2_isr
                0x0000000000002478                ftm1_isr
                0x0000000000002478                dma_ch13_isr
                0x0000000000002478                uart2_error_isr
                0x0000000000002478                usb_charge_isr
                0x0000000000002478                cmt_isr
                0x0000000000002478                ftm3_isr
                0x0000000000002478                tsi0_isr
                0x0000000000002478                spi2_isr
                0x0000000000002478                can0_bus_off_isr
                0x0000000000002478                uart3_error_isr
                0x0000000000002478                porta_isr
                0x0000000000002478                low_voltage_isr
                0x0000000000002478                can0_error_isr
                0x0000000000002478                dma_ch12_isr
                0x0000000000002478                pit3_isr
                0x0000000000002478                portc_isr
                0x0000000000002478                debugmonitor_isr
                0x0000000000002478                cmp1_isr
                0x0000000000002478                ftm0_isr
                0x0000000000002478                i2s0_rx_isr
                0x0000000000002478                uart4_error_isr
                0x0000000000002478                can0_message_isr
                0x0000000000002478                sdhc_isr
                0x0000000000002478                dma_ch10_isr
                0x0000000000002478                uart0_error_isr
                0x0000000000002478                i2s0_tx_isr
                0x0000000000002478                adc1_isr
                0x0000000000002478                cmp0_isr
                0x0000000000002478                dac0_isr
                0x0000000000002478                uart0_status_isr
                0x0000000000002478                mcg_isr
                0x0000000000002478                dma_ch1_isr
                0x0000000000002478                dma_ch5_isr
                0x0000000000002478                can0_rx_warn_isr
                0x0000000000002478                can0_tx_warn_isr
                0x0000000000002478                uart4_status_isr
                0x0000000000002478                cmp2_isr
                0x0000000000002478                pendablesrvreq_isr
                0x0000000000002478                wakeup_isr
                0x0000000000002478                dma_ch0_isr
 *fill*         0x000000000000247e        0x2 
 .text.nmi_default_isr
                0x0000000000002480        0xc CMakeFiles/kiibohd.elf.dir/Lib/mk20dx.c.o
                0x0000000000002480                nmi_isr
                0x0000000000002480                nmi_default_isr
 .text.hard_fault_default_isr
                0x000000000000248c       0x34 CMakeFiles/kiibohd.elf.dir/Lib/mk20dx.c.o
                0x000000000000248c                hard_fault_isr
                0x000000000000248c                hard_fault_default_isr
 .text.memmanage_fault_default_isr
                0x00000000000024c0       0x40 CMakeFiles/kiibohd.elf.dir/Lib/mk20dx.c.o
                0x00000000000024c0                memmanage_fault_default_isr
                0x00000000000024c0                memmanage_fault_isr
 .text.bus_fault_default_isr
                0x0000000000002500       0x40 CMakeFiles/kiibohd.elf.dir/Lib/mk20dx.c.o
                0x0000000000002500                bus_fault_isr
                0x0000000000002500                bus_fault_default_isr
 .text.usage_fault_default_isr
                0x0000000000002540       0x28 CMakeFiles/kiibohd.elf.dir/Lib/mk20dx.c.o
                0x0000000000002540                usage_fault_default_isr
                0x0000000000002540                usage_fault_isr
 .text.memset   0x0000000000002568       0x10 CMakeFiles/kiibohd.elf.dir/Lib/mk20dx.c.o
                0x0000000000002568                memset
 .text.memcpy   0x0000000000002578       0x18 CMakeFiles/kiibohd.elf.dir/Lib/mk20dx.c.o
                0x0000000000002578                memcpy
 .text.yield    0x0000000000002590        0x2 CMakeFiles/kiibohd.elf.dir/Lib/delay.c.o
                0x0000000000002590                yield
 *fill*         0x0000000000002592        0x2 
 .text.micros   0x0000000000002594       0x44 CMakeFiles/kiibohd.elf.dir/Lib/delay.c.o
                0x0000000000002594                micros
 .text.delay    0x00000000000025d8       0x26 CMakeFiles/kiibohd.elf.dir/Lib/delay.c.o
                0x00000000000025d8                delay
 .text.I2C_BufferLen
                0x00000000000025fe       0x14 CMakeFiles/kiibohd.elf.dir/Scan/ISSILed/led_scan.c.o
                0x00000000000025fe                I2C_BufferLen
 *fill*         0x0000000000002612        0x2 
 .text.I2C_BufferPush
                0x0000000000002614       0x60 CMakeFiles/kiibohd.elf.dir/Scan/ISSILed/led_scan.c.o
                0x0000000000002614                I2C_BufferPush
 .text.I2C_TxBufferPop
                0x0000000000002674       0xa4 CMakeFiles/kiibohd.elf.dir/Scan/ISSILed/led_scan.c.o
                0x0000000000002674                I2C_TxBufferPop
 .text.i2c0_isr
                0x0000000000002718      0x118 CMakeFiles/kiibohd.elf.dir/Scan/ISSILed/led_scan.c.o
                0x0000000000002718                i2c0_isr
 .text.I2C_Send
                0x0000000000002830       0xe0 CMakeFiles/kiibohd.elf.dir/Scan/ISSILed/led_scan.c.o
                0x0000000000002830                I2C_Send
 .text.LED_zeroPages
                0x0000000000002910       0x74 CMakeFiles/kiibohd.elf.dir/Scan/ISSILed/led_scan.c.o
                0x0000000000002910                LED_zeroPages
 .text.cliFunc_ledZero
                0x0000000000002984       0x1c CMakeFiles/kiibohd.elf.dir/Scan/ISSILed/led_scan.c.o
                0x0000000000002984                cliFunc_ledZero
 .text.LED_sendPage
                0x00000000000029a0       0x42 CMakeFiles/kiibohd.elf.dir/Scan/ISSILed/led_scan.c.o
                0x00000000000029a0                LED_sendPage
 *fill*         0x00000000000029e2        0x2 
 .text.cliFunc_ledTest
                0x00000000000029e4       0x20 CMakeFiles/kiibohd.elf.dir/Scan/ISSILed/led_scan.c.o
                0x00000000000029e4                cliFunc_ledTest
 .text.LED_writeReg
                0x0000000000002a04       0x4a CMakeFiles/kiibohd.elf.dir/Scan/ISSILed/led_scan.c.o
                0x0000000000002a04                LED_writeReg
 *fill*         0x0000000000002a4e        0x2 
 .text.LED_setup
                0x0000000000002a50       0xc4 CMakeFiles/kiibohd.elf.dir/Scan/ISSILed/led_scan.c.o
                0x0000000000002a50                LED_setup
 .text.cliFunc_ledStart
                0x0000000000002b14       0x34 CMakeFiles/kiibohd.elf.dir/Scan/ISSILed/led_scan.c.o
                0x0000000000002b14                cliFunc_ledStart
 .text.LED_readPage
                0x0000000000002b48       0x98 CMakeFiles/kiibohd.elf.dir/Scan/ISSILed/led_scan.c.o
                0x0000000000002b48                LED_readPage
 .text.cliFunc_ledRPage
                0x0000000000002be0       0x2c CMakeFiles/kiibohd.elf.dir/Scan/ISSILed/led_scan.c.o
                0x0000000000002be0                cliFunc_ledRPage
 .text.cliFunc_i2cSend
                0x0000000000002c0c       0x88 CMakeFiles/kiibohd.elf.dir/Scan/ISSILed/led_scan.c.o
                0x0000000000002c0c                cliFunc_i2cSend
 .text.cliFunc_i2cRecv
                0x0000000000002c94       0x88 CMakeFiles/kiibohd.elf.dir/Scan/ISSILed/led_scan.c.o
                0x0000000000002c94                cliFunc_i2cRecv
 .text.cliFunc_ledWPage
                0x0000000000002d1c       0x9a CMakeFiles/kiibohd.elf.dir/Scan/ISSILed/led_scan.c.o
                0x0000000000002d1c                cliFunc_ledWPage
 *fill*         0x0000000000002db6        0x2 
 .text.LED_scan
                0x0000000000002db8       0x28 CMakeFiles/kiibohd.elf.dir/Scan/ISSILed/led_scan.c.o
                0x0000000000002db8                LED_scan
 .text.LED_currentChange
                0x0000000000002de0        0xc CMakeFiles/kiibohd.elf.dir/Scan/ISSILed/led_scan.c.o
                0x0000000000002de0                LED_currentChange
 .text.LED_control
                0x0000000000002dec       0x98 CMakeFiles/kiibohd.elf.dir/Scan/ISSILed/led_scan.c.o
                0x0000000000002dec                LED_control
 .text.cliFunc_ledCtrl
                0x0000000000002e84       0x5c CMakeFiles/kiibohd.elf.dir/Scan/ISSILed/led_scan.c.o
                0x0000000000002e84                cliFunc_ledCtrl
 .text.LED_control_capability
                0x0000000000002ee0       0x48 CMakeFiles/kiibohd.elf.dir/Scan/ISSILed/led_scan.c.o
                0x0000000000002ee0                LED_control_capability
 .text.cliFunc_matrixInfo
                0x0000000000002f28       0x54 CMakeFiles/kiibohd.elf.dir/Scan/MatrixARM/matrix_scan.c.o
                0x0000000000002f28                cliFunc_matrixInfo
 .text.cliFunc_matrixState
                0x0000000000002f7c       0x24 CMakeFiles/kiibohd.elf.dir/Scan/MatrixARM/matrix_scan.c.o
                0x0000000000002f7c                cliFunc_matrixState
 .text.cliFunc_matrixDebug
                0x0000000000002fa0       0x5c CMakeFiles/kiibohd.elf.dir/Scan/MatrixARM/matrix_scan.c.o
                0x0000000000002fa0                cliFunc_matrixDebug
 .text.Matrix_pin
                0x0000000000002ffc       0xc8 CMakeFiles/kiibohd.elf.dir/Scan/MatrixARM/matrix_scan.c.o
                0x0000000000002ffc                Matrix_pin
 .text.Matrix_setup
                0x00000000000030c4       0x98 CMakeFiles/kiibohd.elf.dir/Scan/MatrixARM/matrix_scan.c.o
                0x00000000000030c4                Matrix_setup
 .text.Matrix_keyPositionDebug
                0x000000000000315c       0x38 CMakeFiles/kiibohd.elf.dir/Scan/MatrixARM/matrix_scan.c.o
                0x000000000000315c                Matrix_keyPositionDebug
 .text.Matrix_scan
                0x0000000000003194      0x2cc CMakeFiles/kiibohd.elf.dir/Scan/MatrixARM/matrix_scan.c.o
                0x0000000000003194                Matrix_scan
 .text.Matrix_currentChange
                0x0000000000003460        0x2 CMakeFiles/kiibohd.elf.dir/Scan/MatrixARM/matrix_scan.c.o
                0x0000000000003460                Matrix_currentChange
 *fill*         0x0000000000003462        0x2 
 .text.Scan_setup
                0x0000000000003464       0x18 CMakeFiles/kiibohd.elf.dir/Scan/WhiteFox/scan_loop.c.o
                0x0000000000003464                Scan_setup
 .text.Scan_loop
                0x000000000000347c       0x1c CMakeFiles/kiibohd.elf.dir/Scan/WhiteFox/scan_loop.c.o
                0x000000000000347c                Scan_loop
 .text.Scan_finishedWithMacro
                0x0000000000003498        0x2 CMakeFiles/kiibohd.elf.dir/Scan/WhiteFox/scan_loop.c.o
                0x0000000000003498                Scan_finishedWithMacro
 *fill*         0x000000000000349a        0x2 
 .text.Scan_finishedWithOutput
                0x000000000000349c        0xc CMakeFiles/kiibohd.elf.dir/Scan/WhiteFox/scan_loop.c.o
                0x000000000000349c                Scan_finishedWithOutput
 .text.Scan_currentChange
                0x00000000000034a8       0x12 CMakeFiles/kiibohd.elf.dir/Scan/WhiteFox/scan_loop.c.o
                0x00000000000034a8                Scan_currentChange
 *fill*         0x00000000000034ba        0x2 
 .text.cliFunc_capList
                0x00000000000034bc       0x58 CMakeFiles/kiibohd.elf.dir/Macro/PartialMap/macro.c.o
                0x00000000000034bc                cliFunc_capList
 .text.cliFunc_macroStep
                0x0000000000003514       0x28 CMakeFiles/kiibohd.elf.dir/Macro/PartialMap/macro.c.o
                0x0000000000003514                cliFunc_macroStep
 .text.cliFunc_capSelect
                0x000000000000353c      0x104 CMakeFiles/kiibohd.elf.dir/Macro/PartialMap/macro.c.o
                0x000000000000353c                cliFunc_capSelect
 .text.cliFunc_layerDebug
                0x0000000000003640       0x30 CMakeFiles/kiibohd.elf.dir/Macro/PartialMap/macro.c.o
                0x0000000000003640                cliFunc_layerDebug
 .text.cliFunc_layerState
                0x0000000000003670       0x68 CMakeFiles/kiibohd.elf.dir/Macro/PartialMap/macro.c.o
                0x0000000000003670                cliFunc_layerState
 .text.cliFunc_macroDebug
                0x00000000000036d8       0x30 CMakeFiles/kiibohd.elf.dir/Macro/PartialMap/macro.c.o
                0x00000000000036d8                cliFunc_macroDebug
 .text.cliFunc_macroProc
                0x0000000000003708       0x30 CMakeFiles/kiibohd.elf.dir/Macro/PartialMap/macro.c.o
                0x0000000000003708                cliFunc_macroProc
 .text.cliFunc_layerList
                0x0000000000003738       0xe0 CMakeFiles/kiibohd.elf.dir/Macro/PartialMap/macro.c.o
                0x0000000000003738                cliFunc_layerList
 .text.cliFunc_macroList
                0x0000000000003818      0x164 CMakeFiles/kiibohd.elf.dir/Macro/PartialMap/macro.c.o
                0x0000000000003818                cliFunc_macroList
 .text.Macro_layerState.part.0
                0x000000000000397c       0xcc CMakeFiles/kiibohd.elf.dir/Macro/PartialMap/macro.c.o
 .text.Macro_layerState_capability
                0x0000000000003a48       0x28 CMakeFiles/kiibohd.elf.dir/Macro/PartialMap/macro.c.o
                0x0000000000003a48                Macro_layerState_capability
 .text.Macro_layerShift_capability
                0x0000000000003a70       0x3c CMakeFiles/kiibohd.elf.dir/Macro/PartialMap/macro.c.o
                0x0000000000003a70                Macro_layerShift_capability
 .text.Macro_layerLatch_capability
                0x0000000000003aac       0x28 CMakeFiles/kiibohd.elf.dir/Macro/PartialMap/macro.c.o
                0x0000000000003aac                Macro_layerLatch_capability
 .text.Macro_layerLock_capability
                0x0000000000003ad4       0x28 CMakeFiles/kiibohd.elf.dir/Macro/PartialMap/macro.c.o
                0x0000000000003ad4                Macro_layerLock_capability
 .text.Macro_layerRotate_capability
                0x0000000000003afc       0x64 CMakeFiles/kiibohd.elf.dir/Macro/PartialMap/macro.c.o
                0x0000000000003afc                Macro_layerRotate_capability
 .text.Macro_layerLookup
                0x0000000000003b60      0x11c CMakeFiles/kiibohd.elf.dir/Macro/PartialMap/macro.c.o
                0x0000000000003b60                Macro_layerLookup
 .text.Macro_keyState
                0x0000000000003c7c       0x50 CMakeFiles/kiibohd.elf.dir/Macro/PartialMap/macro.c.o
                0x0000000000003c7c                Macro_keyState
 .text.cliFunc_keyHold
                0x0000000000003ccc       0x2e CMakeFiles/kiibohd.elf.dir/Macro/PartialMap/macro.c.o
                0x0000000000003ccc                cliFunc_keyHold
 .text.cliFunc_keyPress
                0x0000000000003cfa       0x2e CMakeFiles/kiibohd.elf.dir/Macro/PartialMap/macro.c.o
                0x0000000000003cfa                cliFunc_keyPress
 .text.cliFunc_keyRelease
                0x0000000000003d28       0x2e CMakeFiles/kiibohd.elf.dir/Macro/PartialMap/macro.c.o
                0x0000000000003d28                cliFunc_keyRelease
 *fill*         0x0000000000003d56        0x2 
 .text.Macro_appendResultMacroToPendingList
                0x0000000000003d58       0x98 CMakeFiles/kiibohd.elf.dir/Macro/PartialMap/macro.c.o
                0x0000000000003d58                Macro_appendResultMacroToPendingList
 .text.Macro_process
                0x0000000000003df0       0x58 CMakeFiles/kiibohd.elf.dir/Macro/PartialMap/macro.c.o
                0x0000000000003df0                Macro_process
 .text.Macro_setup
                0x0000000000003e48       0x48 CMakeFiles/kiibohd.elf.dir/Macro/PartialMap/macro.c.o
                0x0000000000003e48                Macro_setup
 .text.macroDebugShowTrigger
                0x0000000000003e90      0x110 CMakeFiles/kiibohd.elf.dir/Macro/PartialMap/macro.c.o
                0x0000000000003e90                macroDebugShowTrigger
 .text.macroDebugShowResult
                0x0000000000003fa0      0x178 CMakeFiles/kiibohd.elf.dir/Macro/PartialMap/macro.c.o
                0x0000000000003fa0                macroDebugShowResult
 .text.cliFunc_macroShow
                0x0000000000004118       0x3e CMakeFiles/kiibohd.elf.dir/Macro/PartialMap/macro.c.o
                0x0000000000004118                cliFunc_macroShow
 *fill*         0x0000000000004156        0x2 
 .text.Macro_evalResultMacro
                0x0000000000004158       0x8c CMakeFiles/kiibohd.elf.dir/Macro/PartialMap/result.c.o
                0x0000000000004158                Macro_evalResultMacro
 .text.Result_setup
                0x00000000000041e4       0x28 CMakeFiles/kiibohd.elf.dir/Macro/PartialMap/result.c.o
                0x00000000000041e4                Result_setup
 .text.Result_process
                0x000000000000420c       0x4c CMakeFiles/kiibohd.elf.dir/Macro/PartialMap/result.c.o
                0x000000000000420c                Result_process
 .text.Macro_evalTriggerMacro
                0x0000000000004258      0x260 CMakeFiles/kiibohd.elf.dir/Macro/PartialMap/trigger.c.o
                0x0000000000004258                Macro_evalTriggerMacro
 .text.Trigger_setup
                0x00000000000044b8       0x1c CMakeFiles/kiibohd.elf.dir/Macro/PartialMap/trigger.c.o
                0x00000000000044b8                Trigger_setup
 .text.Trigger_process
                0x00000000000044d4       0xf8 CMakeFiles/kiibohd.elf.dir/Macro/PartialMap/trigger.c.o
                0x00000000000044d4                Trigger_process
 .text.cliFunc_sendKeys
                0x00000000000045cc       0x24 CMakeFiles/kiibohd.elf.dir/Output/pjrcUSB/output_com.c.o
                0x00000000000045cc                cliFunc_sendKeys
 .text.cliFunc_setKeys
                0x00000000000045f0       0x34 CMakeFiles/kiibohd.elf.dir/Output/pjrcUSB/output_com.c.o
                0x00000000000045f0                cliFunc_setKeys
 .text.cliFunc_outputDebug
                0x0000000000004624       0x24 CMakeFiles/kiibohd.elf.dir/Output/pjrcUSB/output_com.c.o
                0x0000000000004624                cliFunc_outputDebug
 .text.cliFunc_setMod
                0x0000000000004648       0x20 CMakeFiles/kiibohd.elf.dir/Output/pjrcUSB/output_com.c.o
                0x0000000000004648                cliFunc_setMod
 .text.cliFunc_readLEDs
                0x0000000000004668       0x28 CMakeFiles/kiibohd.elf.dir/Output/pjrcUSB/output_com.c.o
                0x0000000000004668                cliFunc_readLEDs
 .text.cliFunc_usbInitTime
                0x0000000000004690       0x54 CMakeFiles/kiibohd.elf.dir/Output/pjrcUSB/output_com.c.o
                0x0000000000004690                cliFunc_usbInitTime
 .text.cliFunc_kbdProtocol
                0x00000000000046e4       0x54 CMakeFiles/kiibohd.elf.dir/Output/pjrcUSB/output_com.c.o
                0x00000000000046e4                cliFunc_kbdProtocol
 .text.Output_consCtrlSend_capability
                0x0000000000004738       0x44 CMakeFiles/kiibohd.elf.dir/Output/pjrcUSB/output_com.c.o
                0x0000000000004738                Output_consCtrlSend_capability
 .text.Output_noneSend_capability
                0x000000000000477c       0x14 CMakeFiles/kiibohd.elf.dir/Output/pjrcUSB/output_com.c.o
                0x000000000000477c                Output_noneSend_capability
 .text.Output_sysCtrlSend_capability
                0x0000000000004790       0x44 CMakeFiles/kiibohd.elf.dir/Output/pjrcUSB/output_com.c.o
                0x0000000000004790                Output_sysCtrlSend_capability
 .text.Output_flashMode_capability
                0x00000000000047d4       0x18 CMakeFiles/kiibohd.elf.dir/Output/pjrcUSB/output_com.c.o
                0x00000000000047d4                Output_flashMode_capability
 .text.Output_usbMouse_capability
                0x00000000000047ec       0x84 CMakeFiles/kiibohd.elf.dir/Output/pjrcUSB/output_com.c.o
                0x00000000000047ec                Output_usbMouse_capability
 .text.Output_flushBuffers
                0x0000000000004870       0x3c CMakeFiles/kiibohd.elf.dir/Output/pjrcUSB/output_com.c.o
                0x0000000000004870                Output_flushBuffers
 .text.Output_kbdProtocolBoot_capability
                0x00000000000048ac       0x30 CMakeFiles/kiibohd.elf.dir/Output/pjrcUSB/output_com.c.o
                0x00000000000048ac                Output_kbdProtocolBoot_capability
 .text.Output_kbdProtocolNKRO_capability
                0x00000000000048dc       0x34 CMakeFiles/kiibohd.elf.dir/Output/pjrcUSB/output_com.c.o
                0x00000000000048dc                Output_kbdProtocolNKRO_capability
 .text.Output_toggleKbdProtocol_capability
                0x0000000000004910       0x34 CMakeFiles/kiibohd.elf.dir/Output/pjrcUSB/output_com.c.o
                0x0000000000004910                Output_toggleKbdProtocol_capability
 .text.Output_usbCodeSend_capability
                0x0000000000004944      0x1f8 CMakeFiles/kiibohd.elf.dir/Output/pjrcUSB/output_com.c.o
                0x0000000000004944                Output_usbCodeSend_capability
 .text.Output_setup
                0x0000000000004b3c       0x20 CMakeFiles/kiibohd.elf.dir/Output/pjrcUSB/output_com.c.o
                0x0000000000004b3c                Output_setup
 .text.Output_send
                0x0000000000004b5c       0x74 CMakeFiles/kiibohd.elf.dir/Output/pjrcUSB/output_com.c.o
                0x0000000000004b5c                Output_send
 .text.Output_availablechar
                0x0000000000004bd0        0x4 CMakeFiles/kiibohd.elf.dir/Output/pjrcUSB/output_com.c.o
                0x0000000000004bd0                Output_availablechar
 .text.Output_getchar
                0x0000000000004bd4        0x4 CMakeFiles/kiibohd.elf.dir/Output/pjrcUSB/output_com.c.o
                0x0000000000004bd4                Output_getchar
 .text.Output_putstr
                0x0000000000004bd8       0x10 CMakeFiles/kiibohd.elf.dir/Output/pjrcUSB/output_com.c.o
                0x0000000000004bd8                Output_putstr
 .text.Output_softReset
                0x0000000000004be8       0x10 CMakeFiles/kiibohd.elf.dir/Output/pjrcUSB/output_com.c.o
                0x0000000000004be8                Output_softReset
 .text.Output_current_available
                0x0000000000004bf8       0x18 CMakeFiles/kiibohd.elf.dir/Output/pjrcUSB/output_com.c.o
                0x0000000000004bf8                Output_current_available
 .text.Output_update_usb_current
                0x0000000000004c10       0x20 CMakeFiles/kiibohd.elf.dir/Output/pjrcUSB/output_com.c.o
                0x0000000000004c10                Output_update_usb_current
 .text.usb_set_config_descriptor_size
                0x0000000000004c30       0x10 CMakeFiles/kiibohd.elf.dir/Output/pjrcUSB/arm/usb_desc.c.o
                0x0000000000004c30                usb_set_config_descriptor_size
 .text.endpoint0_transmit
                0x0000000000004c40       0x40 CMakeFiles/kiibohd.elf.dir/Output/pjrcUSB/arm/usb_dev.c.o
 .text.usb_device_check
                0x0000000000004c80       0x30 CMakeFiles/kiibohd.elf.dir/Output/pjrcUSB/arm/usb_dev.c.o
                0x0000000000004c80                usb_device_check
 .text.usb_rx   0x0000000000004cb0       0x38 CMakeFiles/kiibohd.elf.dir/Output/pjrcUSB/arm/usb_dev.c.o
                0x0000000000004cb0                usb_rx
 .text.usb_tx_packet_count
                0x0000000000004ce8       0x24 CMakeFiles/kiibohd.elf.dir/Output/pjrcUSB/arm/usb_dev.c.o
                0x0000000000004ce8                usb_tx_packet_count
 .text.usb_rx_memory
                0x0000000000004d0c       0x78 CMakeFiles/kiibohd.elf.dir/Output/pjrcUSB/arm/usb_dev.c.o
                0x0000000000004d0c                usb_rx_memory
 .text.usb_resume
                0x0000000000004d84       0x44 CMakeFiles/kiibohd.elf.dir/Output/pjrcUSB/arm/usb_dev.c.o
                0x0000000000004d84                usb_resume
 .text.usb_tx   0x0000000000004dc8       0xa4 CMakeFiles/kiibohd.elf.dir/Output/pjrcUSB/arm/usb_dev.c.o
                0x0000000000004dc8                usb_tx
 .text.usb_device_reload
                0x0000000000004e6c       0x34 CMakeFiles/kiibohd.elf.dir/Output/pjrcUSB/arm/usb_dev.c.o
                0x0000000000004e6c                usb_device_reload
 .text.usb_isr  0x0000000000004ea0      0x84c CMakeFiles/kiibohd.elf.dir/Output/pjrcUSB/arm/usb_dev.c.o
                0x0000000000004ea0                usb_isr
 .text.usb_init
                0x00000000000056ec      0x11c CMakeFiles/kiibohd.elf.dir/Output/pjrcUSB/arm/usb_dev.c.o
                0x00000000000056ec                usb_init
 .text.usb_keyboard_send
                0x0000000000005808      0x2d4 CMakeFiles/kiibohd.elf.dir/Output/pjrcUSB/arm/usb_keyboard.c.o
                0x0000000000005808                usb_keyboard_send
 .text.usb_malloc
                0x0000000000005adc       0x3c CMakeFiles/kiibohd.elf.dir/Output/pjrcUSB/arm/usb_mem.c.o
                0x0000000000005adc                usb_malloc
 .text.usb_free
                0x0000000000005b18       0x44 CMakeFiles/kiibohd.elf.dir/Output/pjrcUSB/arm/usb_mem.c.o
                0x0000000000005b18                usb_free
 .text.usb_mouse_send
                0x0000000000005b5c       0xa8 CMakeFiles/kiibohd.elf.dir/Output/pjrcUSB/arm/usb_mouse.c.o
                0x0000000000005b5c                usb_mouse_send
 .text.usb_serial_getchar
                0x0000000000005c04       0x4c CMakeFiles/kiibohd.elf.dir/Output/pjrcUSB/arm/usb_serial.c.o
                0x0000000000005c04                usb_serial_getchar
 .text.usb_serial_available
                0x0000000000005c50       0x1c CMakeFiles/kiibohd.elf.dir/Output/pjrcUSB/arm/usb_serial.c.o
                0x0000000000005c50                usb_serial_available
 .text.usb_serial_write
                0x0000000000005c6c       0xd0 CMakeFiles/kiibohd.elf.dir/Output/pjrcUSB/arm/usb_serial.c.o
                0x0000000000005c6c                usb_serial_write
 .text.usb_serial_flush_callback
                0x0000000000005d3c       0x48 CMakeFiles/kiibohd.elf.dir/Output/pjrcUSB/arm/usb_serial.c.o
                0x0000000000005d3c                usb_serial_flush_callback
 .text.cliFunc_clear
                0x0000000000005d84        0xc CMakeFiles/kiibohd.elf.dir/Debug/cli/cli.c.o
                0x0000000000005d84                cliFunc_clear
 .text.cliFunc_reload
                0x0000000000005d90       0x24 CMakeFiles/kiibohd.elf.dir/Debug/cli/cli.c.o
                0x0000000000005d90                cliFunc_reload
 .text.cliFunc_reset
                0x0000000000005db4        0xc CMakeFiles/kiibohd.elf.dir/Debug/cli/cli.c.o
                0x0000000000005db4                cliFunc_reset
 .text.cliFunc_help
                0x0000000000005dc0       0xb0 CMakeFiles/kiibohd.elf.dir/Debug/cli/cli.c.o
                0x0000000000005dc0                cliFunc_help
 .text.cliFunc_led
                0x0000000000005e70       0x14 CMakeFiles/kiibohd.elf.dir/Debug/cli/cli.c.o
                0x0000000000005e70                cliFunc_led
 .text.cliFunc_restart
                0x0000000000005e84        0x4 CMakeFiles/kiibohd.elf.dir/Debug/cli/cli.c.o
                0x0000000000005e84                cliFunc_restart
 .text.cliFunc_version
                0x0000000000005e88       0xd4 CMakeFiles/kiibohd.elf.dir/Debug/cli/cli.c.o
                0x0000000000005e88                cliFunc_version
 .text.cliFunc_cliDebug
                0x0000000000005f5c       0x38 CMakeFiles/kiibohd.elf.dir/Debug/cli/cli.c.o
                0x0000000000005f5c                cliFunc_cliDebug
 .text.CLI_argumentIsolation
                0x0000000000005f94       0x24 CMakeFiles/kiibohd.elf.dir/Debug/cli/cli.c.o
                0x0000000000005f94                CLI_argumentIsolation
 .text.CLI_commandLookup
                0x0000000000005fb8       0xc4 CMakeFiles/kiibohd.elf.dir/Debug/cli/cli.c.o
                0x0000000000005fb8                CLI_commandLookup
 .text.CLI_registerDictionary
                0x000000000000607c       0x38 CMakeFiles/kiibohd.elf.dir/Debug/cli/cli.c.o
                0x000000000000607c                CLI_registerDictionary
 .text.CLI_init
                0x00000000000060b4       0x68 CMakeFiles/kiibohd.elf.dir/Debug/cli/cli.c.o
                0x00000000000060b4                CLI_init
 .text.CLI_tabCompletion
                0x000000000000611c       0xc0 CMakeFiles/kiibohd.elf.dir/Debug/cli/cli.c.o
                0x000000000000611c                CLI_tabCompletion
 .text.CLI_wrap
                0x00000000000061dc       0x28 CMakeFiles/kiibohd.elf.dir/Debug/cli/cli.c.o
                0x00000000000061dc                CLI_wrap
 .text.CLI_saveHistory
                0x0000000000006204       0x50 CMakeFiles/kiibohd.elf.dir/Debug/cli/cli.c.o
                0x0000000000006204                CLI_saveHistory
 .text.CLI_retreiveHistory
                0x0000000000006254       0x50 CMakeFiles/kiibohd.elf.dir/Debug/cli/cli.c.o
                0x0000000000006254                CLI_retreiveHistory
 .text.CLI_process
                0x00000000000062a4      0x214 CMakeFiles/kiibohd.elf.dir/Debug/cli/cli.c.o
                0x00000000000062a4                CLI_process
 .text.init_errorLED
                0x00000000000064b8       0x1c CMakeFiles/kiibohd.elf.dir/Debug/led/led.c.o
                0x00000000000064b8                init_errorLED
 .text.errorLED
                0x00000000000064d4       0x1c CMakeFiles/kiibohd.elf.dir/Debug/led/led.c.o
                0x00000000000064d4                errorLED
 .text.printstrs
                0x00000000000064f0       0x34 CMakeFiles/kiibohd.elf.dir/Debug/print/print.c.o
                0x00000000000064f0                printstrs
 .text._print   0x0000000000006524        0x4 CMakeFiles/kiibohd.elf.dir/Debug/print/print.c.o
                0x0000000000006524                _print
 .text.lenStr   0x0000000000006528       0x12 CMakeFiles/kiibohd.elf.dir/Debug/print/print.c.o
                0x0000000000006528                lenStr
 .text.revsStr  0x000000000000653a       0x20 CMakeFiles/kiibohd.elf.dir/Debug/print/print.c.o
                0x000000000000653a                revsStr
 .text.int8ToStr
                0x000000000000655a       0x28 CMakeFiles/kiibohd.elf.dir/Debug/print/print.c.o
                0x000000000000655a                int8ToStr
 .text.printInt8
                0x0000000000006582       0x14 CMakeFiles/kiibohd.elf.dir/Debug/print/print.c.o
                0x0000000000006582                printInt8
 .text.int16ToStr
                0x0000000000006596       0x28 CMakeFiles/kiibohd.elf.dir/Debug/print/print.c.o
                0x0000000000006596                int16ToStr
 .text.printInt16
                0x00000000000065be       0x14 CMakeFiles/kiibohd.elf.dir/Debug/print/print.c.o
                0x00000000000065be                printInt16
 .text.int32ToStr
                0x00000000000065d2       0x2a CMakeFiles/kiibohd.elf.dir/Debug/print/print.c.o
                0x00000000000065d2                int32ToStr
 .text.printInt32
                0x00000000000065fc       0x14 CMakeFiles/kiibohd.elf.dir/Debug/print/print.c.o
                0x00000000000065fc                printInt32
 .text.hexToStr_op
                0x0000000000006610       0x58 CMakeFiles/kiibohd.elf.dir/Debug/print/print.c.o
                0x0000000000006610                hexToStr_op
 .text.printHex_op
                0x0000000000006668       0x16 CMakeFiles/kiibohd.elf.dir/Debug/print/print.c.o
                0x0000000000006668                printHex_op
 .text.hex32ToStr_op
                0x000000000000667e       0x62 CMakeFiles/kiibohd.elf.dir/Debug/print/print.c.o
                0x000000000000667e                hex32ToStr_op
 .text.printHex32_op
                0x00000000000066e0       0x16 CMakeFiles/kiibohd.elf.dir/Debug/print/print.c.o
                0x00000000000066e0                printHex32_op
 .text.hex32ToStr16
                0x00000000000066f6       0x28 CMakeFiles/kiibohd.elf.dir/Debug/print/print.c.o
                0x00000000000066f6                hex32ToStr16
 .text.eqStr    0x000000000000671e       0x2a CMakeFiles/kiibohd.elf.dir/Debug/print/print.c.o
                0x000000000000671e                eqStr
 .text.numToInt
                0x0000000000006748       0x84 CMakeFiles/kiibohd.elf.dir/Debug/print/print.c.o
                0x0000000000006748                numToInt
 *(.rodata*)
 .rodata.str1.1
                0x00000000000067cc       0x8e CMakeFiles/kiibohd.elf.dir/Lib/mk20dx.c.o
                                         0x91 (size before relaxing)
 .rodata.sys_reset_to_loader_magic
                0x000000000000685a       0x16 CMakeFiles/kiibohd.elf.dir/Lib/mk20dx.c.o
                0x000000000000685a                sys_reset_to_loader_magic
 .rodata        0x0000000000006870        0x3 CMakeFiles/kiibohd.elf.dir/Scan/ISSILed/led_scan.c.o
 .rodata.ledWPageCLIDict_DescEntry
                0x0000000000006873       0x4a CMakeFiles/kiibohd.elf.dir/Scan/ISSILed/led_scan.c.o
                0x0000000000006873                ledWPageCLIDict_DescEntry
 .rodata.ledTestCLIDict_DescEntry
                0x00000000000068bd       0x18 CMakeFiles/kiibohd.elf.dir/Scan/ISSILed/led_scan.c.o
                0x00000000000068bd                ledTestCLIDict_DescEntry
 *fill*         0x00000000000068d5        0x3 
 .rodata.ledCLIDict
                0x00000000000068d8       0x6c CMakeFiles/kiibohd.elf.dir/Scan/ISSILed/led_scan.c.o
                0x00000000000068d8                ledCLIDict
 .rodata.ledRPageCLIDict_DescEntry
                0x0000000000006944       0x1e CMakeFiles/kiibohd.elf.dir/Scan/ISSILed/led_scan.c.o
                0x0000000000006944                ledRPageCLIDict_DescEntry
 .rodata.ledStartCLIDict_DescEntry
                0x0000000000006962       0x1b CMakeFiles/kiibohd.elf.dir/Scan/ISSILed/led_scan.c.o
                0x0000000000006962                ledStartCLIDict_DescEntry
 .rodata.str1.1
                0x000000000000697d      0x1ef CMakeFiles/kiibohd.elf.dir/Scan/ISSILed/led_scan.c.o
                                        0x1f4 (size before relaxing)
 .rodata.ledCtrlCLIDict_DescEntry
                0x0000000000006b6c       0x33 CMakeFiles/kiibohd.elf.dir/Scan/ISSILed/led_scan.c.o
                0x0000000000006b6c                ledCtrlCLIDict_DescEntry
 .rodata.LED_defaultBrightness1
                0x0000000000006b9f       0x92 CMakeFiles/kiibohd.elf.dir/Scan/ISSILed/led_scan.c.o
                0x0000000000006b9f                LED_defaultBrightness1
 .rodata.ledZeroCLIDict_DescEntry
                0x0000000000006c31       0x31 CMakeFiles/kiibohd.elf.dir/Scan/ISSILed/led_scan.c.o
                0x0000000000006c31                ledZeroCLIDict_DescEntry
 .rodata.i2cRecvCLIDict_DescEntry
                0x0000000000006c62       0x79 CMakeFiles/kiibohd.elf.dir/Scan/ISSILed/led_scan.c.o
                0x0000000000006c62                i2cRecvCLIDict_DescEntry
 .rodata.i2cSendCLIDict_DescEntry
                0x0000000000006cdb       0x44 CMakeFiles/kiibohd.elf.dir/Scan/ISSILed/led_scan.c.o
                0x0000000000006cdb                i2cSendCLIDict_DescEntry
 .rodata.LED_ledEnableMask1
                0x0000000000006d1f       0x14 CMakeFiles/kiibohd.elf.dir/Scan/ISSILed/led_scan.c.o
                0x0000000000006d1f                LED_ledEnableMask1
 .rodata.ledCLIDictName
                0x0000000000006d33       0x19 CMakeFiles/kiibohd.elf.dir/Scan/ISSILed/led_scan.c.o
                0x0000000000006d33                ledCLIDictName
 .rodata.matrixDebugCLIDict_DescEntry
                0x0000000000006d4c       0x86 CMakeFiles/kiibohd.elf.dir/Scan/MatrixARM/matrix_scan.c.o
                0x0000000000006d4c                matrixDebugCLIDict_DescEntry
 .rodata.str1.1
                0x0000000000006dd2      0x1ce CMakeFiles/kiibohd.elf.dir/Scan/MatrixARM/matrix_scan.c.o
                                        0x1d8 (size before relaxing)
 .rodata.matrixStateCLIDict_DescEntry
                0x0000000000006fa0       0x9a CMakeFiles/kiibohd.elf.dir/Scan/MatrixARM/matrix_scan.c.o
                0x0000000000006fa0                matrixStateCLIDict_DescEntry
 .rodata.matrixInfoCLIDict_DescEntry
                0x000000000000703a       0x28 CMakeFiles/kiibohd.elf.dir/Scan/MatrixARM/matrix_scan.c.o
                0x000000000000703a                matrixInfoCLIDict_DescEntry
 .rodata.matrixCLIDictName
                0x0000000000007062       0x17 CMakeFiles/kiibohd.elf.dir/Scan/MatrixARM/matrix_scan.c.o
                0x0000000000007062                matrixCLIDictName
 *fill*         0x0000000000007079        0x3 
 .rodata.matrixCLIDict
                0x000000000000707c       0x30 CMakeFiles/kiibohd.elf.dir/Scan/MatrixARM/matrix_scan.c.o
                0x000000000000707c                matrixCLIDict
 .rodata.rm20_guide
                0x00000000000070ac        0x4 CMakeFiles/kiibohd.elf.dir/Macro/PartialMap/macro.c.o
                0x00000000000070ac                rm20_guide
 .rodata.layer1_tl_0x0C
                0x00000000000070b0        0x8 CMakeFiles/kiibohd.elf.dir/Macro/PartialMap/macro.c.o
                0x00000000000070b0                layer1_tl_0x0C
 .rodata.layer1_tl_0x34
                0x00000000000070b8        0x4 CMakeFiles/kiibohd.elf.dir/Macro/PartialMap/macro.c.o
                0x00000000000070b8                layer1_tl_0x34
 .rodata.rm19_guide
                0x00000000000070bc        0x4 CMakeFiles/kiibohd.elf.dir/Macro/PartialMap/macro.c.o
                0x00000000000070bc                rm19_guide
 .rodata.layer1_tl_0x36
                0x00000000000070c0        0x4 CMakeFiles/kiibohd.elf.dir/Macro/PartialMap/macro.c.o
                0x00000000000070c0                layer1_tl_0x36
 .rodata.rm34_guide
                0x00000000000070c4        0x4 CMakeFiles/kiibohd.elf.dir/Macro/PartialMap/macro.c.o
                0x00000000000070c4                rm34_guide
 .rodata.rm95_guide
                0x00000000000070c8        0x4 CMakeFiles/kiibohd.elf.dir/Macro/PartialMap/macro.c.o
                0x00000000000070c8                rm95_guide
 .rodata.rm3_guide
                0x00000000000070cc        0x4 CMakeFiles/kiibohd.elf.dir/Macro/PartialMap/macro.c.o
                0x00000000000070cc                rm3_guide
 .rodata.tm34_guide
                0x00000000000070d0        0x5 CMakeFiles/kiibohd.elf.dir/Macro/PartialMap/macro.c.o
                0x00000000000070d0                tm34_guide
 *fill*         0x00000000000070d5        0x3 
 .rodata.CapabilitiesList
                0x00000000000070d8       0x78 CMakeFiles/kiibohd.elf.dir/Macro/PartialMap/macro.c.o
                0x00000000000070d8                CapabilitiesList
 .rodata.rm38_guide
                0x0000000000007150        0x4 CMakeFiles/kiibohd.elf.dir/Macro/PartialMap/macro.c.o
                0x0000000000007150                rm38_guide
 .rodata.rm54_guide
                0x0000000000007154        0x4 CMakeFiles/kiibohd.elf.dir/Macro/PartialMap/macro.c.o
                0x0000000000007154                rm54_guide
 .rodata.rm8_guide
                0x0000000000007158        0x4 CMakeFiles/kiibohd.elf.dir/Macro/PartialMap/macro.c.o
                0x0000000000007158                rm8_guide
 .rodata.tm96_guide
                0x000000000000715c        0x5 CMakeFiles/kiibohd.elf.dir/Macro/PartialMap/macro.c.o
                0x000000000000715c                tm96_guide
 .rodata.rm36_guide
                0x0000000000007161        0x4 CMakeFiles/kiibohd.elf.dir/Macro/PartialMap/macro.c.o
                0x0000000000007161                rm36_guide
 .rodata.rm97_guide
                0x0000000000007165        0x4 CMakeFiles/kiibohd.elf.dir/Macro/PartialMap/macro.c.o
                0x0000000000007165                rm97_guide
 .rodata.tm35_guide
                0x0000000000007169        0x5 CMakeFiles/kiibohd.elf.dir/Macro/PartialMap/macro.c.o
                0x0000000000007169                tm35_guide
 .rodata.tm36_guide
                0x000000000000716e        0x5 CMakeFiles/kiibohd.elf.dir/Macro/PartialMap/macro.c.o
                0x000000000000716e                tm36_guide
 .rodata.tm97_guide
                0x0000000000007173        0x5 CMakeFiles/kiibohd.elf.dir/Macro/PartialMap/macro.c.o
                0x0000000000007173                tm97_guide
 .rodata.layer1_tl_0x3A
                0x0000000000007178        0x4 CMakeFiles/kiibohd.elf.dir/Macro/PartialMap/macro.c.o
                0x0000000000007178                layer1_tl_0x3A
 .rodata.layer1_tl_0x09
                0x000000000000717c        0x8 CMakeFiles/kiibohd.elf.dir/Macro/PartialMap/macro.c.o
                0x000000000000717c                layer1_tl_0x09
 .rodata.layer1_tl_0x3B
                0x0000000000007184        0x8 CMakeFiles/kiibohd.elf.dir/Macro/PartialMap/macro.c.o
                0x0000000000007184                layer1_tl_0x3B
 .rodata.rm89_guide
                0x000000000000718c        0x4 CMakeFiles/kiibohd.elf.dir/Macro/PartialMap/macro.c.o
                0x000000000000718c                rm89_guide
 .rodata.default_tl_0x13
                0x0000000000007190        0x8 CMakeFiles/kiibohd.elf.dir/Macro/PartialMap/macro.c.o
                0x0000000000007190                default_tl_0x13
 .rodata.rm5_guide
                0x0000000000007198        0x4 CMakeFiles/kiibohd.elf.dir/Macro/PartialMap/macro.c.o
                0x0000000000007198                rm5_guide
 .rodata.rm72_guide
                0x000000000000719c        0x4 CMakeFiles/kiibohd.elf.dir/Macro/PartialMap/macro.c.o
                0x000000000000719c                rm72_guide
 .rodata.rm62_guide
                0x00000000000071a0        0x4 CMakeFiles/kiibohd.elf.dir/Macro/PartialMap/macro.c.o
                0x00000000000071a0                rm62_guide
 .rodata.tm38_guide
                0x00000000000071a4        0x5 CMakeFiles/kiibohd.elf.dir/Macro/PartialMap/macro.c.o
                0x00000000000071a4                tm38_guide
 .rodata.tm99_guide
                0x00000000000071a9        0x5 CMakeFiles/kiibohd.elf.dir/Macro/PartialMap/macro.c.o
                0x00000000000071a9                tm99_guide
 .rodata.tm62_guide
                0x00000000000071ae        0x5 CMakeFiles/kiibohd.elf.dir/Macro/PartialMap/macro.c.o
                0x00000000000071ae                tm62_guide
 .rodata.tm57_guide
                0x00000000000071b3        0x5 CMakeFiles/kiibohd.elf.dir/Macro/PartialMap/macro.c.o
                0x00000000000071b3                tm57_guide
 .rodata.rm25_guide
                0x00000000000071b8        0x4 CMakeFiles/kiibohd.elf.dir/Macro/PartialMap/macro.c.o
                0x00000000000071b8                rm25_guide
 .rodata.tm56_guide
                0x00000000000071bc        0x5 CMakeFiles/kiibohd.elf.dir/Macro/PartialMap/macro.c.o
                0x00000000000071bc                tm56_guide
 .rodata.tm68_guide
                0x00000000000071c1        0x5 CMakeFiles/kiibohd.elf.dir/Macro/PartialMap/macro.c.o
                0x00000000000071c1                tm68_guide
 .rodata.rm64_guide
                0x00000000000071c6        0x4 CMakeFiles/kiibohd.elf.dir/Macro/PartialMap/macro.c.o
                0x00000000000071c6                rm64_guide
 *fill*         0x00000000000071ca        0x2 
 .rodata.layer1_tl_0x03
                0x00000000000071cc        0x8 CMakeFiles/kiibohd.elf.dir/Macro/PartialMap/macro.c.o
                0x00000000000071cc                layer1_tl_0x03
 .rodata.tm64_guide
                0x00000000000071d4        0x5 CMakeFiles/kiibohd.elf.dir/Macro/PartialMap/macro.c.o
                0x00000000000071d4                tm64_guide
 .rodata.tm31_guide
                0x00000000000071d9        0x5 CMakeFiles/kiibohd.elf.dir/Macro/PartialMap/macro.c.o
                0x00000000000071d9                tm31_guide
 .rodata.rm35_guide
                0x00000000000071de        0x4 CMakeFiles/kiibohd.elf.dir/Macro/PartialMap/macro.c.o
                0x00000000000071de                rm35_guide
 .rodata.rm51_guide
                0x00000000000071e2        0x4 CMakeFiles/kiibohd.elf.dir/Macro/PartialMap/macro.c.o
                0x00000000000071e2                rm51_guide
 *fill*         0x00000000000071e6        0x2 
 .rodata.default_tl_0x1A
                0x00000000000071e8        0x8 CMakeFiles/kiibohd.elf.dir/Macro/PartialMap/macro.c.o
                0x00000000000071e8                default_tl_0x1A
 .rodata.tm32_guide
                0x00000000000071f0        0x5 CMakeFiles/kiibohd.elf.dir/Macro/PartialMap/macro.c.o
                0x00000000000071f0                tm32_guide
 *fill*         0x00000000000071f5        0x3 
 .rodata.default_tl_0x1B
                0x00000000000071f8        0x8 CMakeFiles/kiibohd.elf.dir/Macro/PartialMap/macro.c.o
                0x00000000000071f8                default_tl_0x1B
 .rodata.tm86_guide
                0x0000000000007200        0x5 CMakeFiles/kiibohd.elf.dir/Macro/PartialMap/macro.c.o
                0x0000000000007200                tm86_guide
 .rodata.tm101_guide
                0x0000000000007205        0x5 CMakeFiles/kiibohd.elf.dir/Macro/PartialMap/macro.c.o
                0x0000000000007205                tm101_guide
 .rodata.rm15_guide
                0x000000000000720a        0x4 CMakeFiles/kiibohd.elf.dir/Macro/PartialMap/macro.c.o
                0x000000000000720a                rm15_guide
 *fill*         0x000000000000720e        0x2 
 .rodata.default_tl_0x1D
                0x0000000000007210        0x8 CMakeFiles/kiibohd.elf.dir/Macro/PartialMap/macro.c.o
                0x0000000000007210                default_tl_0x1D
 .rodata.rm46_guide
                0x0000000000007218        0x4 CMakeFiles/kiibohd.elf.dir/Macro/PartialMap/macro.c.o
                0x0000000000007218                rm46_guide
 .rodata.default_tl_0x1E
                0x000000000000721c        0x8 CMakeFiles/kiibohd.elf.dir/Macro/PartialMap/macro.c.o
                0x000000000000721c                default_tl_0x1E
 .rodata.default_tl_0x1F
                0x0000000000007224        0x8 CMakeFiles/kiibohd.elf.dir/Macro/PartialMap/macro.c.o
                0x0000000000007224                default_tl_0x1F
 .rodata.tm90_guide
                0x000000000000722c        0x5 CMakeFiles/kiibohd.elf.dir/Macro/PartialMap/macro.c.o
                0x000000000000722c                tm90_guide
 .rodata.rm60_guide
                0x0000000000007231        0x4 CMakeFiles/kiibohd.elf.dir/Macro/PartialMap/macro.c.o
                0x0000000000007231                rm60_guide
 .rodata.str1.1
                0x0000000000007235      0x5ae CMakeFiles/kiibohd.elf.dir/Macro/PartialMap/macro.c.o
                                        0x5d1 (size before relaxing)
 .rodata.tm91_guide
                0x00000000000077e3        0x5 CMakeFiles/kiibohd.elf.dir/Macro/PartialMap/macro.c.o
                0x00000000000077e3                tm91_guide
 .rodata.tm103_guide
                0x00000000000077e8        0x5 CMakeFiles/kiibohd.elf.dir/Macro/PartialMap/macro.c.o
                0x00000000000077e8                tm103_guide
 .rodata.tm15_guide
                0x00000000000077ed        0x5 CMakeFiles/kiibohd.elf.dir/Macro/PartialMap/macro.c.o
                0x00000000000077ed                tm15_guide
 .rodata.rm78_guide
                0x00000000000077f2        0x4 CMakeFiles/kiibohd.elf.dir/Macro/PartialMap/macro.c.o
                0x00000000000077f2                rm78_guide
 .rodata.rm41_guide
                0x00000000000077f6        0x4 CMakeFiles/kiibohd.elf.dir/Macro/PartialMap/macro.c.o
                0x00000000000077f6                rm41_guide
 .rodata.rm92_guide
                0x00000000000077fa        0x4 CMakeFiles/kiibohd.elf.dir/Macro/PartialMap/macro.c.o
                0x00000000000077fa                rm92_guide
 .rodata.tm17_guide
                0x00000000000077fe        0x5 CMakeFiles/kiibohd.elf.dir/Macro/PartialMap/macro.c.o
                0x00000000000077fe                tm17_guide
 .rodata.tm69_guide
                0x0000000000007803        0x5 CMakeFiles/kiibohd.elf.dir/Macro/PartialMap/macro.c.o
                0x0000000000007803                tm69_guide
 .rodata.tm41_guide
                0x0000000000007808        0x5 CMakeFiles/kiibohd.elf.dir/Macro/PartialMap/macro.c.o
                0x0000000000007808                tm41_guide
 .rodata.tm92_guide
                0x000000000000780d        0x5 CMakeFiles/kiibohd.elf.dir/Macro/PartialMap/macro.c.o
                0x000000000000780d                tm92_guide
 .rodata.keyPressCLIDict_DescEntry
                0x0000000000007812       0x6e CMakeFiles/kiibohd.elf.dir/Macro/PartialMap/macro.c.o
                0x0000000000007812                keyPressCLIDict_DescEntry
 .rodata.rm49_guide
                0x0000000000007880        0x4 CMakeFiles/kiibohd.elf.dir/Macro/PartialMap/macro.c.o
                0x0000000000007880                rm49_guide
 .rodata.rm18_guide
                0x0000000000007884        0x4 CMakeFiles/kiibohd.elf.dir/Macro/PartialMap/macro.c.o
                0x0000000000007884                rm18_guide
 .rodata.rm0_guide
                0x0000000000007888        0x4 CMakeFiles/kiibohd.elf.dir/Macro/PartialMap/macro.c.o
                0x0000000000007888                rm0_guide
 .rodata.tm105_guide
                0x000000000000788c        0x5 CMakeFiles/kiibohd.elf.dir/Macro/PartialMap/macro.c.o
                0x000000000000788c                tm105_guide
 .rodata.macroCLIDictName
                0x0000000000007891       0x16 CMakeFiles/kiibohd.elf.dir/Macro/PartialMap/macro.c.o
                0x0000000000007891                macroCLIDictName
 *fill*         0x00000000000078a7        0x1 
 .rodata.layer1_tl_0x00
                0x00000000000078a8        0x8 CMakeFiles/kiibohd.elf.dir/Macro/PartialMap/macro.c.o
                0x00000000000078a8                layer1_tl_0x00
 .rodata.tm52_guide
                0x00000000000078b0        0x5 CMakeFiles/kiibohd.elf.dir/Macro/PartialMap/macro.c.o
                0x00000000000078b0                tm52_guide
 .rodata.tm37_guide
                0x00000000000078b5        0x5 CMakeFiles/kiibohd.elf.dir/Macro/PartialMap/macro.c.o
                0x00000000000078b5                tm37_guide
 .rodata.tm19_guide
                0x00000000000078ba        0x5 CMakeFiles/kiibohd.elf.dir/Macro/PartialMap/macro.c.o
                0x00000000000078ba                tm19_guide
 *fill*         0x00000000000078bf        0x1 
 .rodata.layer1_tl_0x02
                0x00000000000078c0        0x8 CMakeFiles/kiibohd.elf.dir/Macro/PartialMap/macro.c.o
                0x00000000000078c0                layer1_tl_0x02
 .rodata.tm43_guide
                0x00000000000078c8        0x5 CMakeFiles/kiibohd.elf.dir/Macro/PartialMap/macro.c.o
                0x00000000000078c8                tm43_guide
 .rodata.tm94_guide
                0x00000000000078cd        0x5 CMakeFiles/kiibohd.elf.dir/Macro/PartialMap/macro.c.o
                0x00000000000078cd                tm94_guide
 *fill*         0x00000000000078d2        0x2 
 .rodata.layer1_tl_0x04
                0x00000000000078d4        0x8 CMakeFiles/kiibohd.elf.dir/Macro/PartialMap/macro.c.o
                0x00000000000078d4                layer1_tl_0x04
 .rodata.layer1_tl_0x05
                0x00000000000078dc        0x8 CMakeFiles/kiibohd.elf.dir/Macro/PartialMap/macro.c.o
                0x00000000000078dc                layer1_tl_0x05
 .rodata.layerDebugCLIDict_DescEntry
                0x00000000000078e4       0x35 CMakeFiles/kiibohd.elf.dir/Macro/PartialMap/macro.c.o
                0x00000000000078e4                layerDebugCLIDict_DescEntry
 .rodata.rm91_guide
                0x0000000000007919        0x4 CMakeFiles/kiibohd.elf.dir/Macro/PartialMap/macro.c.o
                0x0000000000007919                rm91_guide
 .rodata.tm107_guide
                0x000000000000791d        0x5 CMakeFiles/kiibohd.elf.dir/Macro/PartialMap/macro.c.o
                0x000000000000791d                tm107_guide
 .rodata.rm7_guide
                0x0000000000007922        0x4 CMakeFiles/kiibohd.elf.dir/Macro/PartialMap/macro.c.o
                0x0000000000007922                rm7_guide
 *fill*         0x0000000000007926        0x2 
 .rodata.layer1_tl_0x08
                0x0000000000007928        0x8 CMakeFiles/kiibohd.elf.dir/Macro/PartialMap/macro.c.o
                0x0000000000007928                layer1_tl_0x08
 .rodata.tm85_guide
                0x0000000000007930        0x5 CMakeFiles/kiibohd.elf.dir/Macro/PartialMap/macro.c.o
                0x0000000000007930                tm85_guide
 *fill*         0x0000000000007935        0x3 
 .rodata.default_tl_0x2D
                0x0000000000007938        0x8 CMakeFiles/kiibohd.elf.dir/Macro/PartialMap/macro.c.o
                0x0000000000007938                default_tl_0x2D
 .rodata.tm45_guide
                0x0000000000007940        0x5 CMakeFiles/kiibohd.elf.dir/Macro/PartialMap/macro.c.o
                0x0000000000007940                tm45_guide
 *fill*         0x0000000000007945        0x3 
 .rodata.default_tl_0x2E
                0x0000000000007948        0x8 CMakeFiles/kiibohd.elf.dir/Macro/PartialMap/macro.c.o
                0x0000000000007948                default_tl_0x2E
 .rodata.rm33_guide
                0x0000000000007950        0x4 CMakeFiles/kiibohd.elf.dir/Macro/PartialMap/macro.c.o
                0x0000000000007950                rm33_guide
 .rodata.default_tl_0x2F
                0x0000000000007954        0x8 CMakeFiles/kiibohd.elf.dir/Macro/PartialMap/macro.c.o
                0x0000000000007954                default_tl_0x2F
 .rodata.rm74_guide
                0x000000000000795c        0x5 CMakeFiles/kiibohd.elf.dir/Macro/PartialMap/macro.c.o
                0x000000000000795c                rm74_guide
 .rodata.tm23_guide
                0x0000000000007961        0x5 CMakeFiles/kiibohd.elf.dir/Macro/PartialMap/macro.c.o
                0x0000000000007961                tm23_guide
 *fill*         0x0000000000007966        0x2 
 .rodata.layer1_tl_0x41
                0x0000000000007968        0x4 CMakeFiles/kiibohd.elf.dir/Macro/PartialMap/macro.c.o
                0x0000000000007968                layer1_tl_0x41
 .rodata.rm10_guide
                0x000000000000796c        0x4 CMakeFiles/kiibohd.elf.dir/Macro/PartialMap/macro.c.o
                0x000000000000796c                rm10_guide
 .rodata.layer1_tl_0x42
                0x0000000000007970        0x4 CMakeFiles/kiibohd.elf.dir/Macro/PartialMap/macro.c.o
                0x0000000000007970                layer1_tl_0x42
 .rodata.rm44_guide
                0x0000000000007974        0x4 CMakeFiles/kiibohd.elf.dir/Macro/PartialMap/macro.c.o
                0x0000000000007974                rm44_guide
 .rodata.tm47_guide
                0x0000000000007978        0x5 CMakeFiles/kiibohd.elf.dir/Macro/PartialMap/macro.c.o
                0x0000000000007978                tm47_guide
 *fill*         0x000000000000797d        0x3 
 .rodata.default_tl_0x00
                0x0000000000007980        0x8 CMakeFiles/kiibohd.elf.dir/Macro/PartialMap/macro.c.o
                0x0000000000007980                default_tl_0x00
 .rodata.default_tl_0x01
                0x0000000000007988        0x8 CMakeFiles/kiibohd.elf.dir/Macro/PartialMap/macro.c.o
                0x0000000000007988                default_tl_0x01
 .rodata.default_tl_0x02
                0x0000000000007990        0x8 CMakeFiles/kiibohd.elf.dir/Macro/PartialMap/macro.c.o
                0x0000000000007990                default_tl_0x02
 .rodata.default_tl_0x03
                0x0000000000007998        0x8 CMakeFiles/kiibohd.elf.dir/Macro/PartialMap/macro.c.o
                0x0000000000007998                default_tl_0x03
 .rodata.default_tl_0x04
                0x00000000000079a0        0x8 CMakeFiles/kiibohd.elf.dir/Macro/PartialMap/macro.c.o
                0x00000000000079a0                default_tl_0x04
 .rodata.default_tl_0x05
                0x00000000000079a8        0x8 CMakeFiles/kiibohd.elf.dir/Macro/PartialMap/macro.c.o
                0x00000000000079a8                default_tl_0x05
 .rodata.default_tl_0x06
                0x00000000000079b0        0x8 CMakeFiles/kiibohd.elf.dir/Macro/PartialMap/macro.c.o
                0x00000000000079b0                default_tl_0x06
 .rodata.default_tl_0x07
                0x00000000000079b8        0x8 CMakeFiles/kiibohd.elf.dir/Macro/PartialMap/macro.c.o
                0x00000000000079b8                default_tl_0x07
 .rodata.default_tl_0x08
                0x00000000000079c0        0x8 CMakeFiles/kiibohd.elf.dir/Macro/PartialMap/macro.c.o
                0x00000000000079c0                default_tl_0x08
 .rodata.default_tl_0x09
                0x00000000000079c8        0x8 CMakeFiles/kiibohd.elf.dir/Macro/PartialMap/macro.c.o
                0x00000000000079c8                default_tl_0x09
 .rodata.tm10_guide
                0x00000000000079d0        0x5 CMakeFiles/kiibohd.elf.dir/Macro/PartialMap/macro.c.o
                0x00000000000079d0                tm10_guide
 .rodata.tm1_guide
                0x00000000000079d5        0x5 CMakeFiles/kiibohd.elf.dir/Macro/PartialMap/macro.c.o
                0x00000000000079d5                tm1_guide
 .rodata.rm73_guide
                0x00000000000079da        0x5 CMakeFiles/kiibohd.elf.dir/Macro/PartialMap/macro.c.o
                0x00000000000079da                rm73_guide
 .rodata.tm79_guide
                0x00000000000079df        0x5 CMakeFiles/kiibohd.elf.dir/Macro/PartialMap/macro.c.o
                0x00000000000079df                tm79_guide
 .rodata.tm12_guide
                0x00000000000079e4        0x5 CMakeFiles/kiibohd.elf.dir/Macro/PartialMap/macro.c.o
                0x00000000000079e4                tm12_guide
 .rodata.tm73_guide
                0x00000000000079e9        0x5 CMakeFiles/kiibohd.elf.dir/Macro/PartialMap/macro.c.o
                0x00000000000079e9                tm73_guide
 *fill*         0x00000000000079ee        0x2 
 .rodata.default_tl_0x0A
                0x00000000000079f0        0x8 CMakeFiles/kiibohd.elf.dir/Macro/PartialMap/macro.c.o
                0x00000000000079f0                default_tl_0x0A
 .rodata.layer1_tl_0x01
                0x00000000000079f8        0x8 CMakeFiles/kiibohd.elf.dir/Macro/PartialMap/macro.c.o
                0x00000000000079f8                layer1_tl_0x01
 .rodata.default_tl_0x0C
                0x0000000000007a00        0x8 CMakeFiles/kiibohd.elf.dir/Macro/PartialMap/macro.c.o
                0x0000000000007a00                default_tl_0x0C
 .rodata.default_tl_0x0D
                0x0000000000007a08        0x8 CMakeFiles/kiibohd.elf.dir/Macro/PartialMap/macro.c.o
                0x0000000000007a08                default_tl_0x0D
 .rodata.default_tl_0x0E
                0x0000000000007a10        0x8 CMakeFiles/kiibohd.elf.dir/Macro/PartialMap/macro.c.o
                0x0000000000007a10                default_tl_0x0E
 .rodata.default_tl_0x0F
                0x0000000000007a18        0x8 CMakeFiles/kiibohd.elf.dir/Macro/PartialMap/macro.c.o
                0x0000000000007a18                default_tl_0x0F
 .rodata.layer1_tl_0x06
                0x0000000000007a20        0x8 CMakeFiles/kiibohd.elf.dir/Macro/PartialMap/macro.c.o
                0x0000000000007a20                layer1_tl_0x06
 .rodata.layer1_tl_0x07
                0x0000000000007a28        0x8 CMakeFiles/kiibohd.elf.dir/Macro/PartialMap/macro.c.o
                0x0000000000007a28                layer1_tl_0x07
 .rodata.tm100_guide
                0x0000000000007a30        0x5 CMakeFiles/kiibohd.elf.dir/Macro/PartialMap/macro.c.o
                0x0000000000007a30                tm100_guide
 .rodata.tm2_guide
                0x0000000000007a35        0x5 CMakeFiles/kiibohd.elf.dir/Macro/PartialMap/macro.c.o
                0x0000000000007a35                tm2_guide
 .rodata.tm14_guide
                0x0000000000007a3a        0x5 CMakeFiles/kiibohd.elf.dir/Macro/PartialMap/macro.c.o
                0x0000000000007a3a                tm14_guide
 .rodata.tm75_guide
                0x0000000000007a3f        0x5 CMakeFiles/kiibohd.elf.dir/Macro/PartialMap/macro.c.o
                0x0000000000007a3f                tm75_guide
 .rodata.tm61_guide
                0x0000000000007a44        0x5 CMakeFiles/kiibohd.elf.dir/Macro/PartialMap/macro.c.o
                0x0000000000007a44                tm61_guide
 *fill*         0x0000000000007a49        0x3 
 .rodata.layer1_tl_0x0A
                0x0000000000007a4c        0x8 CMakeFiles/kiibohd.elf.dir/Macro/PartialMap/macro.c.o
                0x0000000000007a4c                layer1_tl_0x0A
 .rodata.layer1_tl_0x0B
                0x0000000000007a54        0x8 CMakeFiles/kiibohd.elf.dir/Macro/PartialMap/macro.c.o
                0x0000000000007a54                layer1_tl_0x0B
 .rodata.layer1_tl_0x39
                0x0000000000007a5c        0x4 CMakeFiles/kiibohd.elf.dir/Macro/PartialMap/macro.c.o
                0x0000000000007a5c                layer1_tl_0x39
 .rodata.layer1_tl_0x0D
                0x0000000000007a60        0x8 CMakeFiles/kiibohd.elf.dir/Macro/PartialMap/macro.c.o
                0x0000000000007a60                layer1_tl_0x0D
 .rodata.layer1_tl_0x0E
                0x0000000000007a68        0x8 CMakeFiles/kiibohd.elf.dir/Macro/PartialMap/macro.c.o
                0x0000000000007a68                layer1_tl_0x0E
 .rodata.layer1_tl_0x0F
                0x0000000000007a70        0x8 CMakeFiles/kiibohd.elf.dir/Macro/PartialMap/macro.c.o
                0x0000000000007a70                layer1_tl_0x0F
 .rodata.tm5_guide
                0x0000000000007a78        0x5 CMakeFiles/kiibohd.elf.dir/Macro/PartialMap/macro.c.o
                0x0000000000007a78                tm5_guide
 .rodata.rm87_guide
                0x0000000000007a7d        0x4 CMakeFiles/kiibohd.elf.dir/Macro/PartialMap/macro.c.o
                0x0000000000007a7d                rm87_guide
 .rodata.tm39_guide
                0x0000000000007a81        0x5 CMakeFiles/kiibohd.elf.dir/Macro/PartialMap/macro.c.o
                0x0000000000007a81                tm39_guide
 .rodata.tm26_guide
                0x0000000000007a86        0x5 CMakeFiles/kiibohd.elf.dir/Macro/PartialMap/macro.c.o
                0x0000000000007a86                tm26_guide
 .rodata.tm77_guide
                0x0000000000007a8b        0x5 CMakeFiles/kiibohd.elf.dir/Macro/PartialMap/macro.c.o
                0x0000000000007a8b                tm77_guide
 .rodata.tm50_guide
                0x0000000000007a90        0x5 CMakeFiles/kiibohd.elf.dir/Macro/PartialMap/macro.c.o
                0x0000000000007a90                tm50_guide
 .rodata.rm22_guide
                0x0000000000007a95        0x4 CMakeFiles/kiibohd.elf.dir/Macro/PartialMap/macro.c.o
                0x0000000000007a95                rm22_guide
 .rodata.rm56_guide
                0x0000000000007a99        0x4 CMakeFiles/kiibohd.elf.dir/Macro/PartialMap/macro.c.o
                0x0000000000007a99                rm56_guide
 .rodata.rm9_guide
                0x0000000000007a9d        0x4 CMakeFiles/kiibohd.elf.dir/Macro/PartialMap/macro.c.o
                0x0000000000007a9d                rm9_guide
 .rodata.tm7_guide
                0x0000000000007aa1        0x5 CMakeFiles/kiibohd.elf.dir/Macro/PartialMap/macro.c.o
                0x0000000000007aa1                tm7_guide
 .rodata.tm87_guide
                0x0000000000007aa6        0x5 CMakeFiles/kiibohd.elf.dir/Macro/PartialMap/macro.c.o
                0x0000000000007aa6                tm87_guide
 .rodata.tm28_guide
                0x0000000000007aab        0x5 CMakeFiles/kiibohd.elf.dir/Macro/PartialMap/macro.c.o
                0x0000000000007aab                tm28_guide
 .rodata.tm89_guide
                0x0000000000007ab0        0x5 CMakeFiles/kiibohd.elf.dir/Macro/PartialMap/macro.c.o
                0x0000000000007ab0                tm89_guide
 *fill*         0x0000000000007ab5        0x3 
 .rodata.default_tl_0x2A
                0x0000000000007ab8        0x8 CMakeFiles/kiibohd.elf.dir/Macro/PartialMap/macro.c.o
                0x0000000000007ab8                default_tl_0x2A
 .rodata.rm82_guide
                0x0000000000007ac0        0x5 CMakeFiles/kiibohd.elf.dir/Macro/PartialMap/macro.c.o
                0x0000000000007ac0                rm82_guide
 .rodata.rm37_guide
                0x0000000000007ac5        0x4 CMakeFiles/kiibohd.elf.dir/Macro/PartialMap/macro.c.o
                0x0000000000007ac5                rm37_guide
 *fill*         0x0000000000007ac9        0x3 
 .rodata.default_tl_0x2C
                0x0000000000007acc        0x8 CMakeFiles/kiibohd.elf.dir/Macro/PartialMap/macro.c.o
                0x0000000000007acc                default_tl_0x2C
 .rodata.default_tl_0x10
                0x0000000000007ad4        0x8 CMakeFiles/kiibohd.elf.dir/Macro/PartialMap/macro.c.o
                0x0000000000007ad4                default_tl_0x10
 .rodata.default_tl_0x11
                0x0000000000007adc        0x8 CMakeFiles/kiibohd.elf.dir/Macro/PartialMap/macro.c.o
                0x0000000000007adc                default_tl_0x11
 .rodata.default_tl_0x12
                0x0000000000007ae4        0x8 CMakeFiles/kiibohd.elf.dir/Macro/PartialMap/macro.c.o
                0x0000000000007ae4                default_tl_0x12
 .rodata.default_tl_0x14
                0x0000000000007aec        0x8 CMakeFiles/kiibohd.elf.dir/Macro/PartialMap/macro.c.o
                0x0000000000007aec                default_tl_0x14
 .rodata.default_tl_0x15
                0x0000000000007af4        0x8 CMakeFiles/kiibohd.elf.dir/Macro/PartialMap/macro.c.o
                0x0000000000007af4                default_tl_0x15
 .rodata.default_tl_0x16
                0x0000000000007afc        0x8 CMakeFiles/kiibohd.elf.dir/Macro/PartialMap/macro.c.o
                0x0000000000007afc                default_tl_0x16
 .rodata.default_tl_0x17
                0x0000000000007b04        0x8 CMakeFiles/kiibohd.elf.dir/Macro/PartialMap/macro.c.o
                0x0000000000007b04                default_tl_0x17
 .rodata.default_tl_0x18
                0x0000000000007b0c        0x8 CMakeFiles/kiibohd.elf.dir/Macro/PartialMap/macro.c.o
                0x0000000000007b0c                default_tl_0x18
 .rodata.default_tl_0x19
                0x0000000000007b14        0x8 CMakeFiles/kiibohd.elf.dir/Macro/PartialMap/macro.c.o
                0x0000000000007b14                default_tl_0x19
 .rodata.tm54_guide
                0x0000000000007b1c        0x5 CMakeFiles/kiibohd.elf.dir/Macro/PartialMap/macro.c.o
                0x0000000000007b1c                tm54_guide
 .rodata.rm12_guide
                0x0000000000007b21        0x4 CMakeFiles/kiibohd.elf.dir/Macro/PartialMap/macro.c.o
                0x0000000000007b21                rm12_guide
 .rodata.rm77_guide
                0x0000000000007b25        0x4 CMakeFiles/kiibohd.elf.dir/Macro/PartialMap/macro.c.o
                0x0000000000007b25                rm77_guide
 .rodata.rm16_guide
                0x0000000000007b29        0x4 CMakeFiles/kiibohd.elf.dir/Macro/PartialMap/macro.c.o
                0x0000000000007b29                rm16_guide
 *fill*         0x0000000000007b2d        0x3 
 .rodata.layer1_tl_0x10
                0x0000000000007b30        0x4 CMakeFiles/kiibohd.elf.dir/Macro/PartialMap/macro.c.o
                0x0000000000007b30                layer1_tl_0x10
 .rodata.layer1_tl_0x11
                0x0000000000007b34        0x4 CMakeFiles/kiibohd.elf.dir/Macro/PartialMap/macro.c.o
                0x0000000000007b34                layer1_tl_0x11
 .rodata.layer1_tl_0x12
                0x0000000000007b38        0x4 CMakeFiles/kiibohd.elf.dir/Macro/PartialMap/macro.c.o
                0x0000000000007b38                layer1_tl_0x12
 .rodata.layer1_tl_0x13
                0x0000000000007b3c        0x4 CMakeFiles/kiibohd.elf.dir/Macro/PartialMap/macro.c.o
                0x0000000000007b3c                layer1_tl_0x13
 .rodata.layer1_tl_0x14
                0x0000000000007b40        0x4 CMakeFiles/kiibohd.elf.dir/Macro/PartialMap/macro.c.o
                0x0000000000007b40                layer1_tl_0x14
 .rodata.layer1_tl_0x15
                0x0000000000007b44        0x4 CMakeFiles/kiibohd.elf.dir/Macro/PartialMap/macro.c.o
                0x0000000000007b44                layer1_tl_0x15
 .rodata.layer1_tl_0x16
                0x0000000000007b48        0x8 CMakeFiles/kiibohd.elf.dir/Macro/PartialMap/macro.c.o
                0x0000000000007b48                layer1_tl_0x16
 .rodata.layer1_tl_0x17
                0x0000000000007b50        0x8 CMakeFiles/kiibohd.elf.dir/Macro/PartialMap/macro.c.o
                0x0000000000007b50                layer1_tl_0x17
 .rodata.layer1_tl_0x18
                0x0000000000007b58        0x8 CMakeFiles/kiibohd.elf.dir/Macro/PartialMap/macro.c.o
                0x0000000000007b58                layer1_tl_0x18
 .rodata.layer1_tl_0x19
                0x0000000000007b60        0x8 CMakeFiles/kiibohd.elf.dir/Macro/PartialMap/macro.c.o
                0x0000000000007b60                layer1_tl_0x19
 .rodata.tm80_guide
                0x0000000000007b68        0x5 CMakeFiles/kiibohd.elf.dir/Macro/PartialMap/macro.c.o
                0x0000000000007b68                tm80_guide
 *fill*         0x0000000000007b6d        0x3 
 .rodata.layer1_tl_0x1A
                0x0000000000007b70        0x8 CMakeFiles/kiibohd.elf.dir/Macro/PartialMap/macro.c.o
                0x0000000000007b70                layer1_tl_0x1A
 .rodata.layer1_tl_0x1B
                0x0000000000007b78        0x8 CMakeFiles/kiibohd.elf.dir/Macro/PartialMap/macro.c.o
                0x0000000000007b78                layer1_tl_0x1B
 .rodata.layer1_tl_0x1C
                0x0000000000007b80        0x8 CMakeFiles/kiibohd.elf.dir/Macro/PartialMap/macro.c.o
                0x0000000000007b80                layer1_tl_0x1C
 .rodata.layer1_tl_0x1D
                0x0000000000007b88        0x8 CMakeFiles/kiibohd.elf.dir/Macro/PartialMap/macro.c.o
                0x0000000000007b88                layer1_tl_0x1D
 .rodata.layer1_tl_0x1E
                0x0000000000007b90        0x4 CMakeFiles/kiibohd.elf.dir/Macro/PartialMap/macro.c.o
                0x0000000000007b90                layer1_tl_0x1E
 .rodata.layer1_tl_0x1F
                0x0000000000007b94        0x4 CMakeFiles/kiibohd.elf.dir/Macro/PartialMap/macro.c.o
                0x0000000000007b94                layer1_tl_0x1F
 .rodata.tm58_guide
                0x0000000000007b98        0x5 CMakeFiles/kiibohd.elf.dir/Macro/PartialMap/macro.c.o
                0x0000000000007b98                tm58_guide
 .rodata.tm21_guide
                0x0000000000007b9d        0x5 CMakeFiles/kiibohd.elf.dir/Macro/PartialMap/macro.c.o
                0x0000000000007b9d                tm21_guide
 .rodata.tm82_guide
                0x0000000000007ba2        0x5 CMakeFiles/kiibohd.elf.dir/Macro/PartialMap/macro.c.o
                0x0000000000007ba2                tm82_guide
 .rodata.rm43_guide
                0x0000000000007ba7        0x4 CMakeFiles/kiibohd.elf.dir/Macro/PartialMap/macro.c.o
                0x0000000000007ba7                rm43_guide
 .rodata.layerStateCLIDict_DescEntry
                0x0000000000007bab       0x87 CMakeFiles/kiibohd.elf.dir/Macro/PartialMap/macro.c.o
                0x0000000000007bab                layerStateCLIDict_DescEntry
 .rodata.rm50_guide
                0x0000000000007c32        0x4 CMakeFiles/kiibohd.elf.dir/Macro/PartialMap/macro.c.o
                0x0000000000007c32                rm50_guide
 .rodata.rm4_guide
                0x0000000000007c36        0x4 CMakeFiles/kiibohd.elf.dir/Macro/PartialMap/macro.c.o
                0x0000000000007c36                rm4_guide
 .rodata.rm86_guide
                0x0000000000007c3a        0x4 CMakeFiles/kiibohd.elf.dir/Macro/PartialMap/macro.c.o
                0x0000000000007c3a                rm86_guide
 .rodata.macroShowCLIDict_DescEntry
                0x0000000000007c3e       0x84 CMakeFiles/kiibohd.elf.dir/Macro/PartialMap/macro.c.o
                0x0000000000007c3e                macroShowCLIDict_DescEntry
 .rodata.rm94_guide
                0x0000000000007cc2        0x5 CMakeFiles/kiibohd.elf.dir/Macro/PartialMap/macro.c.o
                0x0000000000007cc2                rm94_guide
 *fill*         0x0000000000007cc7        0x1 
 .rodata.default_tl_0x3F
                0x0000000000007cc8        0x8 CMakeFiles/kiibohd.elf.dir/Macro/PartialMap/macro.c.o
                0x0000000000007cc8                default_tl_0x3F
 .rodata.rm85_guide
                0x0000000000007cd0        0x7 CMakeFiles/kiibohd.elf.dir/Macro/PartialMap/macro.c.o
                0x0000000000007cd0                rm85_guide
 .rodata.tm33_guide
                0x0000000000007cd7        0x5 CMakeFiles/kiibohd.elf.dir/Macro/PartialMap/macro.c.o
                0x0000000000007cd7                tm33_guide
 .rodata.tm84_guide
                0x0000000000007cdc        0x5 CMakeFiles/kiibohd.elf.dir/Macro/PartialMap/macro.c.o
                0x0000000000007cdc                tm84_guide
 .rodata.rm24_guide
                0x0000000000007ce1        0x4 CMakeFiles/kiibohd.elf.dir/Macro/PartialMap/macro.c.o
                0x0000000000007ce1                rm24_guide
 .rodata.tm66_guide
                0x0000000000007ce5        0x5 CMakeFiles/kiibohd.elf.dir/Macro/PartialMap/macro.c.o
                0x0000000000007ce5                tm66_guide
 .rodata.rm58_guide
                0x0000000000007cea        0x4 CMakeFiles/kiibohd.elf.dir/Macro/PartialMap/macro.c.o
                0x0000000000007cea                rm58_guide
 *fill*         0x0000000000007cee        0x2 
 .rodata.default_tl_0x20
                0x0000000000007cf0        0x8 CMakeFiles/kiibohd.elf.dir/Macro/PartialMap/macro.c.o
                0x0000000000007cf0                default_tl_0x20
 .rodata.default_tl_0x21
                0x0000000000007cf8        0x8 CMakeFiles/kiibohd.elf.dir/Macro/PartialMap/macro.c.o
                0x0000000000007cf8                default_tl_0x21
 .rodata.default_tl_0x22
                0x0000000000007d00        0x8 CMakeFiles/kiibohd.elf.dir/Macro/PartialMap/macro.c.o
                0x0000000000007d00                default_tl_0x22
 .rodata.default_tl_0x23
                0x0000000000007d08        0x8 CMakeFiles/kiibohd.elf.dir/Macro/PartialMap/macro.c.o
                0x0000000000007d08                default_tl_0x23
 .rodata.default_tl_0x24
                0x0000000000007d10        0x8 CMakeFiles/kiibohd.elf.dir/Macro/PartialMap/macro.c.o
                0x0000000000007d10                default_tl_0x24
 .rodata.default_tl_0x25
                0x0000000000007d18        0x8 CMakeFiles/kiibohd.elf.dir/Macro/PartialMap/macro.c.o
                0x0000000000007d18                default_tl_0x25
 .rodata.default_tl_0x26
                0x0000000000007d20        0x8 CMakeFiles/kiibohd.elf.dir/Macro/PartialMap/macro.c.o
                0x0000000000007d20                default_tl_0x26
 .rodata.default_tl_0x27
                0x0000000000007d28        0x8 CMakeFiles/kiibohd.elf.dir/Macro/PartialMap/macro.c.o
                0x0000000000007d28                default_tl_0x27
 .rodata.default_tl_0x28
                0x0000000000007d30        0x8 CMakeFiles/kiibohd.elf.dir/Macro/PartialMap/macro.c.o
                0x0000000000007d30                default_tl_0x28
 .rodata.default_tl_0x29
                0x0000000000007d38        0x8 CMakeFiles/kiibohd.elf.dir/Macro/PartialMap/macro.c.o
                0x0000000000007d38                default_tl_0x29
 .rodata.tm42_guide
                0x0000000000007d40        0x5 CMakeFiles/kiibohd.elf.dir/Macro/PartialMap/macro.c.o
                0x0000000000007d40                tm42_guide
 .rodata.layerListCLIDict_DescEntry
                0x0000000000007d45       0x17 CMakeFiles/kiibohd.elf.dir/Macro/PartialMap/macro.c.o
                0x0000000000007d45                layerListCLIDict_DescEntry
 .rodata.tm51_guide
                0x0000000000007d5c        0x5 CMakeFiles/kiibohd.elf.dir/Macro/PartialMap/macro.c.o
                0x0000000000007d5c                tm51_guide
 *fill*         0x0000000000007d61        0x3 
 .rodata.layer1_tl_0x20
                0x0000000000007d64        0x4 CMakeFiles/kiibohd.elf.dir/Macro/PartialMap/macro.c.o
                0x0000000000007d64                layer1_tl_0x20
 .rodata.default_tl_0x2B
                0x0000000000007d68        0x8 CMakeFiles/kiibohd.elf.dir/Macro/PartialMap/macro.c.o
                0x0000000000007d68                default_tl_0x2B
 .rodata.layer1_tl_0x22
                0x0000000000007d70        0x4 CMakeFiles/kiibohd.elf.dir/Macro/PartialMap/macro.c.o
                0x0000000000007d70                layer1_tl_0x22
 .rodata.layer1_tl_0x23
                0x0000000000007d74        0x4 CMakeFiles/kiibohd.elf.dir/Macro/PartialMap/macro.c.o
                0x0000000000007d74                layer1_tl_0x23
 .rodata.layer1_tl_0x24
                0x0000000000007d78        0x8 CMakeFiles/kiibohd.elf.dir/Macro/PartialMap/macro.c.o
                0x0000000000007d78                layer1_tl_0x24
 .rodata.layer1_tl_0x25
                0x0000000000007d80        0x8 CMakeFiles/kiibohd.elf.dir/Macro/PartialMap/macro.c.o
                0x0000000000007d80                layer1_tl_0x25
 .rodata.layer1_tl_0x26
                0x0000000000007d88        0x8 CMakeFiles/kiibohd.elf.dir/Macro/PartialMap/macro.c.o
                0x0000000000007d88                layer1_tl_0x26
 .rodata.layer1_tl_0x27
                0x0000000000007d90        0x8 CMakeFiles/kiibohd.elf.dir/Macro/PartialMap/macro.c.o
                0x0000000000007d90                layer1_tl_0x27
 .rodata.layer1_tl_0x28
                0x0000000000007d98        0x8 CMakeFiles/kiibohd.elf.dir/Macro/PartialMap/macro.c.o
                0x0000000000007d98                layer1_tl_0x28
 .rodata.layer1_tl_0x29
                0x0000000000007da0        0x8 CMakeFiles/kiibohd.elf.dir/Macro/PartialMap/macro.c.o
                0x0000000000007da0                layer1_tl_0x29
 .rodata.rm90_guide
                0x0000000000007da8        0x4 CMakeFiles/kiibohd.elf.dir/Macro/PartialMap/macro.c.o
                0x0000000000007da8                rm90_guide
 .rodata.tm49_guide
                0x0000000000007dac        0x5 CMakeFiles/kiibohd.elf.dir/Macro/PartialMap/macro.c.o
                0x0000000000007dac                tm49_guide
 .rodata.tm4_guide
                0x0000000000007db1        0x5 CMakeFiles/kiibohd.elf.dir/Macro/PartialMap/macro.c.o
                0x0000000000007db1                tm4_guide
 .rodata.tm9_guide
                0x0000000000007db6        0x5 CMakeFiles/kiibohd.elf.dir/Macro/PartialMap/macro.c.o
                0x0000000000007db6                tm9_guide
 *fill*         0x0000000000007dbb        0x1 
 .rodata.layer1_tl_0x2A
                0x0000000000007dbc        0x4 CMakeFiles/kiibohd.elf.dir/Macro/PartialMap/macro.c.o
                0x0000000000007dbc                layer1_tl_0x2A
 .rodata.layer1_tl_0x2B
                0x0000000000007dc0        0x4 CMakeFiles/kiibohd.elf.dir/Macro/PartialMap/macro.c.o
                0x0000000000007dc0                layer1_tl_0x2B
 .rodata.layer1_tl_0x2C
                0x0000000000007dc4        0x4 CMakeFiles/kiibohd.elf.dir/Macro/PartialMap/macro.c.o
                0x0000000000007dc4                layer1_tl_0x2C
 .rodata.layer1_tl_0x2D
                0x0000000000007dc8        0x8 CMakeFiles/kiibohd.elf.dir/Macro/PartialMap/macro.c.o
                0x0000000000007dc8                layer1_tl_0x2D
 .rodata.layer1_tl_0x2E
                0x0000000000007dd0        0x4 CMakeFiles/kiibohd.elf.dir/Macro/PartialMap/macro.c.o
                0x0000000000007dd0                layer1_tl_0x2E
 .rodata.layer1_tl_0x2F
                0x0000000000007dd4        0x4 CMakeFiles/kiibohd.elf.dir/Macro/PartialMap/macro.c.o
                0x0000000000007dd4                layer1_tl_0x2F
 .rodata.macroCLIDict
                0x0000000000007dd8       0xa8 CMakeFiles/kiibohd.elf.dir/Macro/PartialMap/macro.c.o
                0x0000000000007dd8                macroCLIDict
 .rodata.rm66_guide
                0x0000000000007e80        0x4 CMakeFiles/kiibohd.elf.dir/Macro/PartialMap/macro.c.o
                0x0000000000007e80                rm66_guide
 .rodata.tm63_guide
                0x0000000000007e84        0x5 CMakeFiles/kiibohd.elf.dir/Macro/PartialMap/macro.c.o
                0x0000000000007e84                tm63_guide
 *fill*         0x0000000000007e89        0x3 
 .rodata.default_tl_0x38
                0x0000000000007e8c        0x8 CMakeFiles/kiibohd.elf.dir/Macro/PartialMap/macro.c.o
                0x0000000000007e8c                default_tl_0x38
 .rodata.rm14_guide
                0x0000000000007e94        0x4 CMakeFiles/kiibohd.elf.dir/Macro/PartialMap/macro.c.o
                0x0000000000007e94                rm14_guide
 .rodata.rm65_guide
                0x0000000000007e98        0x4 CMakeFiles/kiibohd.elf.dir/Macro/PartialMap/macro.c.o
                0x0000000000007e98                rm65_guide
 .rodata.tm40_guide
                0x0000000000007e9c        0x5 CMakeFiles/kiibohd.elf.dir/Macro/PartialMap/macro.c.o
                0x0000000000007e9c                tm40_guide
 *fill*         0x0000000000007ea1        0x3 
 .rodata.default_tl_0x3D
                0x0000000000007ea4        0x8 CMakeFiles/kiibohd.elf.dir/Macro/PartialMap/macro.c.o
                0x0000000000007ea4                default_tl_0x3D
 .rodata.rm80_guide
                0x0000000000007eac        0x4 CMakeFiles/kiibohd.elf.dir/Macro/PartialMap/macro.c.o
                0x0000000000007eac                rm80_guide
 .rodata.tm65_guide
                0x0000000000007eb0        0x5 CMakeFiles/kiibohd.elf.dir/Macro/PartialMap/macro.c.o
                0x0000000000007eb0                tm65_guide
 *fill*         0x0000000000007eb5        0x3 
 .rodata.default_tl_0x3E
                0x0000000000007eb8        0x8 CMakeFiles/kiibohd.elf.dir/Macro/PartialMap/macro.c.o
                0x0000000000007eb8                default_tl_0x3E
 .rodata.capSelectCLIDict_DescEntry
                0x0000000000007ec0       0x76 CMakeFiles/kiibohd.elf.dir/Macro/PartialMap/macro.c.o
                0x0000000000007ec0                capSelectCLIDict_DescEntry
 .rodata.tm98_guide
                0x0000000000007f36        0x5 CMakeFiles/kiibohd.elf.dir/Macro/PartialMap/macro.c.o
                0x0000000000007f36                tm98_guide
 .rodata.rm88_guide
                0x0000000000007f3b        0x7 CMakeFiles/kiibohd.elf.dir/Macro/PartialMap/macro.c.o
                0x0000000000007f3b                rm88_guide
 .rodata.tm102_guide
                0x0000000000007f42        0x5 CMakeFiles/kiibohd.elf.dir/Macro/PartialMap/macro.c.o
                0x0000000000007f42                tm102_guide
 .rodata.rm69_guide
                0x0000000000007f47        0x4 CMakeFiles/kiibohd.elf.dir/Macro/PartialMap/macro.c.o
                0x0000000000007f47                rm69_guide
 .rodata.rm67_guide
                0x0000000000007f4b        0x4 CMakeFiles/kiibohd.elf.dir/Macro/PartialMap/macro.c.o
                0x0000000000007f4b                rm67_guide
 .rodata.rm40_guide
                0x0000000000007f4f        0x4 CMakeFiles/kiibohd.elf.dir/Macro/PartialMap/macro.c.o
                0x0000000000007f4f                rm40_guide
 *fill*         0x0000000000007f53        0x1 
 .rodata.default_tl_0x3B
                0x0000000000007f54        0x8 CMakeFiles/kiibohd.elf.dir/Macro/PartialMap/macro.c.o
                0x0000000000007f54                default_tl_0x3B
 .rodata.tm16_guide
                0x0000000000007f5c        0x5 CMakeFiles/kiibohd.elf.dir/Macro/PartialMap/macro.c.o
                0x0000000000007f5c                tm16_guide
 *fill*         0x0000000000007f61        0x3 
 .rodata.default_tl_0x3C
                0x0000000000007f64        0x8 CMakeFiles/kiibohd.elf.dir/Macro/PartialMap/macro.c.o
                0x0000000000007f64                default_tl_0x3C
 .rodata.default_tl_0x30
                0x0000000000007f6c        0x8 CMakeFiles/kiibohd.elf.dir/Macro/PartialMap/macro.c.o
                0x0000000000007f6c                default_tl_0x30
 .rodata.default_tl_0x31
                0x0000000000007f74        0x8 CMakeFiles/kiibohd.elf.dir/Macro/PartialMap/macro.c.o
                0x0000000000007f74                default_tl_0x31
 .rodata.default_tl_0x32
                0x0000000000007f7c        0x8 CMakeFiles/kiibohd.elf.dir/Macro/PartialMap/macro.c.o
                0x0000000000007f7c                default_tl_0x32
 .rodata.default_tl_0x33
                0x0000000000007f84        0x8 CMakeFiles/kiibohd.elf.dir/Macro/PartialMap/macro.c.o
                0x0000000000007f84                default_tl_0x33
 .rodata.default_tl_0x34
                0x0000000000007f8c        0x8 CMakeFiles/kiibohd.elf.dir/Macro/PartialMap/macro.c.o
                0x0000000000007f8c                default_tl_0x34
 .rodata.default_tl_0x35
                0x0000000000007f94        0x8 CMakeFiles/kiibohd.elf.dir/Macro/PartialMap/macro.c.o
                0x0000000000007f94                default_tl_0x35
 .rodata.default_tl_0x36
                0x0000000000007f9c        0x8 CMakeFiles/kiibohd.elf.dir/Macro/PartialMap/macro.c.o
                0x0000000000007f9c                default_tl_0x36
 .rodata.default_tl_0x37
                0x0000000000007fa4        0x8 CMakeFiles/kiibohd.elf.dir/Macro/PartialMap/macro.c.o
                0x0000000000007fa4                default_tl_0x37
 .rodata.tm104_guide
                0x0000000000007fac        0x5 CMakeFiles/kiibohd.elf.dir/Macro/PartialMap/macro.c.o
                0x0000000000007fac                tm104_guide
 *fill*         0x0000000000007fb1        0x3 
 .rodata.default_tl_0x39
                0x0000000000007fb4        0x8 CMakeFiles/kiibohd.elf.dir/Macro/PartialMap/macro.c.o
                0x0000000000007fb4                default_tl_0x39
 .rodata.rm79_guide
                0x0000000000007fbc        0x4 CMakeFiles/kiibohd.elf.dir/Macro/PartialMap/macro.c.o
                0x0000000000007fbc                rm79_guide
 .rodata.rm42_guide
                0x0000000000007fc0        0x4 CMakeFiles/kiibohd.elf.dir/Macro/PartialMap/macro.c.o
                0x0000000000007fc0                rm42_guide
 .rodata.rm93_guide
                0x0000000000007fc4        0x5 CMakeFiles/kiibohd.elf.dir/Macro/PartialMap/macro.c.o
                0x0000000000007fc4                rm93_guide
 .rodata.tm18_guide
                0x0000000000007fc9        0x5 CMakeFiles/kiibohd.elf.dir/Macro/PartialMap/macro.c.o
                0x0000000000007fc9                tm18_guide
 .rodata.tm71_guide
                0x0000000000007fce        0x5 CMakeFiles/kiibohd.elf.dir/Macro/PartialMap/macro.c.o
                0x0000000000007fce                tm71_guide
 .rodata.tm93_guide
                0x0000000000007fd3        0x5 CMakeFiles/kiibohd.elf.dir/Macro/PartialMap/macro.c.o
                0x0000000000007fd3                tm93_guide
 .rodata.default_tl_0x3A
                0x0000000000007fd8        0x8 CMakeFiles/kiibohd.elf.dir/Macro/PartialMap/macro.c.o
                0x0000000000007fd8                default_tl_0x3A
 .rodata.layer1_tl_0x31
                0x0000000000007fe0        0x4 CMakeFiles/kiibohd.elf.dir/Macro/PartialMap/macro.c.o
                0x0000000000007fe0                layer1_tl_0x31
 .rodata.layer1_tl_0x32
                0x0000000000007fe4        0x4 CMakeFiles/kiibohd.elf.dir/Macro/PartialMap/macro.c.o
                0x0000000000007fe4                layer1_tl_0x32
 .rodata.layer1_tl_0x33
                0x0000000000007fe8        0x4 CMakeFiles/kiibohd.elf.dir/Macro/PartialMap/macro.c.o
                0x0000000000007fe8                layer1_tl_0x33
 .rodata.capListCLIDict_DescEntry
                0x0000000000007fec       0x3c CMakeFiles/kiibohd.elf.dir/Macro/PartialMap/macro.c.o
                0x0000000000007fec                capListCLIDict_DescEntry
 .rodata.layer1_tl_0x35
                0x0000000000008028        0x8 CMakeFiles/kiibohd.elf.dir/Macro/PartialMap/macro.c.o
                0x0000000000008028                layer1_tl_0x35
 .rodata.tm106_guide
                0x0000000000008030        0x5 CMakeFiles/kiibohd.elf.dir/Macro/PartialMap/macro.c.o
                0x0000000000008030                tm106_guide
 *fill*         0x0000000000008035        0x3 
 .rodata.layer1_tl_0x37
                0x0000000000008038        0x4 CMakeFiles/kiibohd.elf.dir/Macro/PartialMap/macro.c.o